Component: ARM Compiler 5.06 update 6 (build 750) Tool: armlink [4d35ed]

==============================================================================

Section Cross References

    main.o(i.AS608_key_staset) refers to lcd.o(i.LCD_Fill) for LCD_Fill
    main.o(i.AS608_key_staset) refers to text.o(i.Show_Str_Mid) for Show_Str_Mid
    main.o(i.AS608_key_staset) refers to main.o(.data) for kbd_tbl
    main.o(i.Add_FR) refers to lcd.o(i.LCD_Clear) for LCD_Clear
    main.o(i.Add_FR) refers to lcd.o(i.LCD_Fill) for LCD_Fill
    main.o(i.Add_FR) refers to text.o(i.Show_Str_Mid) for Show_Str_Mid
    main.o(i.Add_FR) refers to delay.o(i.delay_ms) for delay_ms
    main.o(i.Add_FR) refers to as608.o(i.PS_GetImage) for PS_GetImage
    main.o(i.Add_FR) refers to as608.o(i.PS_GenChar) for PS_GenChar
    main.o(i.Add_FR) refers to main.o(i.ShowErrMessage) for ShowErrMessage
    main.o(i.Add_FR) refers to as608.o(i.PS_Match) for PS_Match
    main.o(i.Add_FR) refers to as608.o(i.PS_RegModel) for PS_RegModel
    main.o(i.Add_FR) refers to main.o(i.key_input) for key_input
    main.o(i.Add_FR) refers to as608.o(i.PS_StoreChar) for PS_StoreChar
    main.o(i.Add_FR) refers to as608.o(i.PS_ValidTempleteNum) for PS_ValidTempleteNum
    main.o(i.Add_FR) refers to stm32f10x_tim.o(i.TIM_Cmd) for TIM_Cmd
    main.o(i.Add_FR) refers to main.o(.data) for f
    main.o(i.Add_FR) refers to lcd.o(.bss) for lcddev
    main.o(i.Add_FR) refers to main.o(.bss) for AS608Para
    main.o(i.Del_FR) refers to lcd.o(i.LCD_Clear) for LCD_Clear
    main.o(i.Del_FR) refers to lcd.o(i.LCD_Fill) for LCD_Fill
    main.o(i.Del_FR) refers to text.o(i.Show_Str_Mid) for Show_Str_Mid
    main.o(i.Del_FR) refers to delay.o(i.delay_ms) for delay_ms
    main.o(i.Del_FR) refers to main.o(i.key_input) for key_input
    main.o(i.Del_FR) refers to as608.o(i.PS_Empty) for PS_Empty
    main.o(i.Del_FR) refers to as608.o(i.PS_DeletChar) for PS_DeletChar
    main.o(i.Del_FR) refers to main.o(i.ShowErrMessage) for ShowErrMessage
    main.o(i.Del_FR) refers to as608.o(i.PS_ValidTempleteNum) for PS_ValidTempleteNum
    main.o(i.Del_FR) refers to stm32f10x_tim.o(i.TIM_Cmd) for TIM_Cmd
    main.o(i.Del_FR) refers to lcd.o(.bss) for lcddev
    main.o(i.Del_FR) refers to main.o(.data) for e
    main.o(i.IDentity) refers to stm32f10x_tim.o(i.TIM_ITConfig) for TIM_ITConfig
    main.o(i.IDentity) refers to lcd.o(i.LCD_Clear) for LCD_Clear
    main.o(i.IDentity) refers to text.o(i.Show_Str) for Show_Str
    main.o(i.IDentity) refers to as608.o(i.PS_GetImage) for PS_GetImage
    main.o(i.IDentity) refers to as608.o(i.PS_GenChar) for PS_GenChar
    main.o(i.IDentity) refers to as608.o(i.PS_HighSpeedSearch) for PS_HighSpeedSearch
    main.o(i.IDentity) refers to lcd.o(i.LCD_Fill) for LCD_Fill
    main.o(i.IDentity) refers to text.o(i.Show_Str_Mid) for Show_Str_Mid
    main.o(i.IDentity) refers to main.o(i.ShowErrMessage) for ShowErrMessage
    main.o(i.IDentity) refers to delay.o(i.delay_ms) for delay_ms
    main.o(i.IDentity) refers to main.o(i.jiemian) for jiemian
    main.o(i.IDentity) refers to key.o(i.KEY_Scan) for KEY_Scan
    main.o(i.IDentity) refers to admin.o(i.password_input) for password_input
    main.o(i.IDentity) refers to main.o(.data) for flag_1
    main.o(i.IDentity) refers to main.o(.bss) for AS608Para
    main.o(i.IDentity) refers to lcd.o(.bss) for lcddev
    main.o(i.IDentity) refers to admin.o(.data) for return_time_flag
    main.o(i.ShowErrMessage) refers to lcd.o(i.LCD_Fill) for LCD_Fill
    main.o(i.ShowErrMessage) refers to lcd.o(i.LCD_ShowString) for LCD_ShowString
    main.o(i.ShowErrMessage) refers to delay.o(i.delay_ms) for delay_ms
    main.o(i.ShowErrMessage) refers to lcd.o(.bss) for lcddev
    main.o(i.jiemian) refers to lcd.o(i.LCD_Clear) for LCD_Clear
    main.o(i.jiemian) refers to text.o(i.Show_Str) for Show_Str
    main.o(i.jiemian) refers to key.o(i.KEY_Scan) for KEY_Scan
    main.o(i.jiemian) refers to lcd.o(i.LCD_ShowString) for LCD_ShowString
    main.o(i.jiemian) refers to admin.o(i.depart_choose) for depart_choose
    main.o(i.jiemian) refers to main.o(i.Add_FR) for Add_FR
    main.o(i.jiemian) refers to main.o(i.Del_FR) for Del_FR
    main.o(i.jiemian) refers to admin.o(i.Local_time_set) for Local_time_set
    main.o(i.jiemian) refers to admin.o(i.worktime_set) for worktime_set
    main.o(i.jiemian) refers to admin.o(i.finworktime_set) for finworktime_set
    main.o(i.jiemian) refers to admin.o(i.password_set) for password_set
    main.o(i.jiemian) refers to admin.o(i.data_choose) for data_choose
    main.o(i.jiemian) refers to stm32f10x_tim.o(i.TIM_ITConfig) for TIM_ITConfig
    main.o(i.jiemian) refers to main.o(.data) for min_five
    main.o(i.jiemian) refers to admin.o(.data) for return_time_flag
    main.o(i.kaiji_xianshi) refers to lcd.o(i.LCD_ShowChar) for LCD_ShowChar
    main.o(i.kaiji_xianshi) refers to delay.o(i.delay_ms) for delay_ms
    main.o(i.kaiji_xianshi) refers to lcd.o(.data) for POINT_COLOR
[...]
    delay_us                                 0x0800c61d   Thumb Code    72  delay.o(i.delay_us)
    depart_choose                            0x0800c669   Thumb Code   348  admin.o(i.depart_choose)
    dir_sdi                                  0x0800ccd7   Thumb Code   158  ff.o(i.dir_sdi)
    disk_initialize                          0x0800cd75   Thumb Code    52  diskio.o(i.disk_initialize)
    disk_ioctl                               0x0800cdad   Thumb Code   170  diskio.o(i.disk_ioctl)
    disk_read                                0x0800ce61   Thumb Code   122  diskio.o(i.disk_read)
    disk_status                              0x0800cedb   Thumb Code     6  diskio.o(i.disk_status)
    disk_write                               0x0800cee1   Thumb Code   122  diskio.o(i.disk_write)
    exfuns_init                              0x0800cf5d   Thumb Code   114  exfuns.o(i.exfuns_init)
    f_close                                  0x0800cfe1   Thumb Code    32  ff.o(i.f_close)
    f_getfree                                0x0800d001   Thumb Code   258  ff.o(i.f_getfree)
    f_gets                                   0x0800d103   Thumb Code    82  ff.o(i.f_gets)
    f_lseek                                  0x0800d155   Thumb Code   684  ff.o(i.f_lseek)
    f_mkdir                                  0x0800d401   Thumb Code   380  ff.o(i.f_mkdir)
    f_mkfs                                   0x0800d57d   Thumb Code  1582  ff.o(i.f_mkfs)
    f_mount                                  0x0800dbc5   Thumb Code    86  ff.o(i.f_mount)
    f_open                                   0x0800dc21   Thumb Code   384  ff.o(i.f_open)
    f_opendir                                0x0800dda1   Thumb Code   136  ff.o(i.f_opendir)
    f_putc                                   0x0800de29   Thumb Code    64  ff.o(i.f_putc)
    f_puts                                   0x0800de69   Thumb Code    74  ff.o(i.f_puts)
    f_read                                   0x0800deb3   Thumb Code   432  ff.o(i.f_read)
    f_readdir                                0x0800e063   Thumb Code   114  ff.o(i.f_readdir)
    f_rename                                 0x0800e0d5   Thumb Code   290  ff.o(i.f_rename)
    f_sync                                   0x0800e1f7   Thumb Code   176  ff.o(i.f_sync)
    f_unlink                                 0x0800e2a7   Thumb Code   190  ff.o(i.f_unlink)
    f_write                                  0x0800e365   Thumb Code   490  ff.o(i.f_write)
    ff_convert                               0x0800e551   Thumb Code   116  cc936.o(i.ff_convert)
    ff_memalloc                              0x0800e5cd   Thumb Code    14  diskio.o(i.ff_memalloc)
    ff_memfree                               0x0800e5db   Thumb Code    14  diskio.o(i.ff_memfree)
    ff_wtoupper                              0x0800e5e9   Thumb Code    46  cc936.o(i.ff_wtoupper)
    finworktime_set                          0x0800e9b5   Thumb Code    70  admin.o(i.finworktime_set)
    font_init                                0x0800eb29   Thumb Code    64  fontupd.o(i.font_init)
    fputc                                    0x0800eb6d   Thumb Code    24  usart.o(i.fputc)
    fupd_prog                                0x0800eb89   Thumb Code   134  fontupd.o(i.fupd_prog)
    get_fat                                  0x0800ece5   Thumb Code   242  ff.o(i.get_fat)
    get_fattime                              0x0800edd7   Thumb Code     4  diskio.o(i.get_fattime)
    jiemian                                  0x0800ef35   Thumb Code   730  main.o(i.jiemian)
    kaiji_xianshi                            0x0800f2b1   Thumb Code   242  main.o(i.kaiji_xianshi)
    key_input                                0x0800f3a9   Thumb Code  1024  main.o(i.key_input)
    keyboard                                 0x0800f7a9   Thumb Code   446  main.o(i.keyboard)
    keyboard_2                               0x0800f981   Thumb Code   478  admin.o(i.keyboard_2)
    main                                     0x0800fba1   Thumb Code   538  main.o(i.main)
    mf_close                                 0x0800fe8d   Thumb Code    14  fattester.o(i.mf_close)
    mf_fmkfs                                 0x0800fea1   Thumb Code    20  fattester.o(i.mf_fmkfs)
    mf_gets                                  0x0800feb5   Thumb Code    38  fattester.o(i.mf_gets)
    mf_lseek                                 0x0800ff01   Thumb Code    16  fattester.o(i.mf_lseek)
    mf_mkdir                                 0x0800ff15   Thumb Code    12  fattester.o(i.mf_mkdir)
    mf_mount                                 0x0800ff21   Thumb Code    20  fattester.o(i.mf_mount)
    mf_open                                  0x0800ff39   Thumb Code    24  fattester.o(i.mf_open)
    mf_opendir                               0x0800ff55   Thumb Code    14  fattester.o(i.mf_opendir)
    mf_putc                                  0x0800ff69   Thumb Code    18  fattester.o(i.mf_putc)
    mf_puts                                  0x0800ff81   Thumb Code    18  fattester.o(i.mf_puts)
    mf_read                                  0x0800ff99   Thumb Code   224  fattester.o(i.mf_read)
    mf_readdir                               0x080100f1   Thumb Code   204  fattester.o(i.mf_readdir)
    mf_rename                                0x08010285   Thumb Code    16  fattester.o(i.mf_rename)
    mf_scan_files                            0x08010295   Thumb Code   120  fattester.o(i.mf_scan_files)
    mf_showfree                              0x08010325   Thumb Code    88  fattester.o(i.mf_showfree)
    mf_size                                  0x080103cd   Thumb Code     8  fattester.o(i.mf_size)
    mf_tell                                  0x080103d9   Thumb Code     8  fattester.o(i.mf_tell)
    mf_unlink                                0x080103e5   Thumb Code    12  fattester.o(i.mf_unlink)
    mf_write                                 0x080103f1   Thumb Code    68  fattester.o(i.mf_write)
    my_mem_free                              0x080104dd   Thumb Code    96  malloc.o(i.my_mem_free)
    my_mem_init                              0x08010549   Thumb Code    54  malloc.o(i.my_mem_init)
    my_mem_malloc                            0x0801058d   Thumb Code   156  malloc.o(i.my_mem_malloc)
    my_mem_perused                           0x08010635   Thumb Code    54  malloc.o(i.my_mem_perused)
    myfree                                   0x08010675   Thumb Code    30  malloc.o(i.myfree)
    mymalloc                                 0x08010699   Thumb Code    34  malloc.o(i.mymalloc)
    mymemset                                 0x080106c1   Thumb Code    20  malloc.o(i.mymemset)
    opt_delay                                0x080106d5   Thumb Code    14  lcd.o(i.opt_delay)
    password_set                             0x080106e5   Thumb Code   194  admin.o(i.password_set)
    press_FR                                 0x0801084d   Thumb Code   486  main.o(i.press_FR)
    put_fat                                  0x08010a8d   Thumb Code   322  ff.o(i.put_fat)
    read_addr                                0x08010c13   Thumb Code     6  usmart.o(i.read_addr)
    show_duty_student                        0x08010c85   Thumb Code   454  admin.o(i.show_duty_student)
    sqrt                                     0x08010e8d   Thumb Code    76  sqrt.o(i.sqrt)
    timeset_input                            0x08011025   Thumb Code   202  admin.o(i.timeset_input)
    uart_init                                0x08011101   Thumb Code   152  usart.o(i.uart_init)
    updata_fontx                             0x080111a1   Thumb Code   346  fontupd.o(i.updata_fontx)
    update_font                              0x08011305   Thumb Code   784  fontupd.o(i.update_font)
    usart2_init                              0x08011699   Thumb Code   186  usart2.o(i.usart2_init)
    usart3_init                              0x08011769   Thumb Code   192  usart3.o(i.usart3_init)
    usmart_cmd_rec                           0x08011839   Thumb Code   170  usmart.o(i.usmart_cmd_rec)
    usmart_exe                               0x080118e9   Thumb Code   632  usmart.o(i.usmart_exe)
    usmart_get_aparm                         0x08011bbd   Thumb Code   200  usmart_str.o(i.usmart_get_aparm)
    usmart_get_cmdname                       0x08011c85   Thumb Code    54  usmart_str.o(i.usmart_get_cmdname)
    usmart_get_fname                         0x08011cbd   Thumb Code   440  usmart_str.o(i.usmart_get_fname)
    usmart_get_fparam                        0x08011e7d   Thumb Code   262  usmart_str.o(i.usmart_get_fparam)
    usmart_get_parmpos                       0x08011f89   Thumb Code    26  usmart_str.o(i.usmart_get_parmpos)
    usmart_get_runtime                       0x08011fa9   Thumb Code    60  usmart.o(i.usmart_get_runtime)
    usmart_init                              0x08011fed   Thumb Code    36  usmart.o(i.usmart_init)
    usmart_pow                               0x08012015   Thumb Code    22  usmart_str.o(i.usmart_pow)
    usmart_reset_runtime                     0x0801202d   Thumb Code    38  usmart.o(i.usmart_reset_runtime)
    usmart_scan                              0x0801205d   Thumb Code   120  usmart.o(i.usmart_scan)
    usmart_search_nextc                      0x08012119   Thumb Code    22  usmart_str.o(i.usmart_search_nextc)
    usmart_str2num                           0x0801212f   Thumb Code   202  usmart_str.o(i.usmart_str2num)
    usmart_strcmp                            0x080121f9   Thumb Code    34  usmart_str.o(i.usmart_strcmp)
    usmart_strcopy                           0x0801221b   Thumb Code    22  usmart_str.o(i.usmart_strcopy)
    usmart_strlen                            0x08012231   Thumb Code    24  usmart_str.o(i.usmart_strlen)
    usmart_sys_cmd_exe                       0x08012249   Thumb Code  1554  usmart.o(i.usmart_sys_cmd_exe)
    worktime_set                             0x08012965   Thumb Code    70  admin.o(i.worktime_set)
    write_addr                               0x080129c9   Thumb Code     4  usmart.o(i.write_addr)
    write_to_file                            0x080129cd   Thumb Code    94  admin.o(i.write_to_file)
    zhuanhua                                 0x08012a65   Thumb Code   152  admin.o(i.zhuanhua)
    __fpl_dcmp_Inf                           0x08012b09   Thumb Code    24  dcmpi.o(x$fpl$dcmpinf)
    __aeabi_d2uiz                            0x08012b21   Thumb Code     0  dfixu.o(x$fpl$dfixu)
    _dfixu                                   0x08012b21   Thumb Code    90  dfixu.o(x$fpl$dfixu)
    __aeabi_ui2d                             0x08012b7b   Thumb Code     0  dflt_clz.o(x$fpl$dfltu)
    _dfltu                                   0x08012b7b   Thumb Code    38  dflt_clz.o(x$fpl$dfltu)
    __aeabi_cdcmple                          0x08012ba1   Thumb Code     0  dleqf.o(x$fpl$dleqf)
    _dcmple                                  0x08012ba1   Thumb Code   120  dleqf.o(x$fpl$dleqf)
    __fpl_dcmple_InfNaN                      0x08012c03   Thumb Code     0  dleqf.o(x$fpl$dleqf)
    __aeabi_dmul                             0x08012c19   Thumb Code     0  dmul.o(x$fpl$dmul)
    _dmul                                    0x08012c19   Thumb Code   332  dmul.o(x$fpl$dmul)
    __fpl_dnaninf                            0x08012d6d   Thumb Code   156  dnaninf.o(x$fpl$dnaninf)
    __fpl_dretinf                            0x08012e09   Thumb Code    12  dretinf.o(x$fpl$dretinf)
    __aeabi_cdrcmple                         0x08012e15   Thumb Code     0  drleqf.o(x$fpl$drleqf)
    _drcmple                                 0x08012e15   Thumb Code   108  drleqf.o(x$fpl$drleqf)
    _dsqrt                                   0x08012e81   Thumb Code   456  dsqrt_noumaal.o(x$fpl$dsqrt)
    __aeabi_f2d                              0x0801304d   Thumb Code     0  f2d.o(x$fpl$f2d)
    _f2d                                     0x0801304d   Thumb Code    86  f2d.o(x$fpl$f2d)
    __aeabi_fadd                             0x080130a5   Thumb Code     0  faddsub_clz.o(x$fpl$fadd)
    _fadd                                    0x080130a5   Thumb Code   196  faddsub_clz.o(x$fpl$fadd)
    __fpl_fcmp_Inf                           0x08013169   Thumb Code    24  fcmpi.o(x$fpl$fcmpinf)
    __aeabi_fdiv                             0x08013181   Thumb Code     0  fdiv.o(x$fpl$fdiv)
    _fdiv                                    0x08013181   Thumb Code   384  fdiv.o(x$fpl$fdiv)
    __aeabi_cfcmpeq                          0x08013305   Thumb Code     0  feqf.o(x$fpl$feqf)
    _fcmpeq                                  0x08013305   Thumb Code   104  feqf.o(x$fpl$feqf)
    __aeabi_f2iz                             0x0801336d   Thumb Code     0  ffix.o(x$fpl$ffix)
    _ffix                                    0x0801336d   Thumb Code    54  ffix.o(x$fpl$ffix)
    __aeabi_f2uiz                            0x080133a5   Thumb Code     0  ffixu.o(x$fpl$ffixu)
    _ffixu                                   0x080133a5   Thumb Code    62  ffixu.o(x$fpl$ffixu)
    __aeabi_i2f                              0x080133e5   Thumb Code     0  fflt_clz.o(x$fpl$fflt)
    _fflt                                    0x080133e5   Thumb Code    48  fflt_clz.o(x$fpl$fflt)
    __aeabi_ui2f                             0x08013415   Thumb Code     0  fflt_clz.o(x$fpl$ffltu)
    _ffltu                                   0x08013415   Thumb Code    38  fflt_clz.o(x$fpl$ffltu)
    __aeabi_fmul                             0x0801343d   Thumb Code     0  fmul.o(x$fpl$fmul)
    _fmul                                    0x0801343d   Thumb Code   258  fmul.o(x$fpl$fmul)
    __fpl_fnaninf                            0x0801353f   Thumb Code   140  fnaninf.o(x$fpl$fnaninf)
    __fpl_fretinf                            0x080135cb   Thumb Code    10  fretinf.o(x$fpl$fretinf)
    __aeabi_fsub                             0x080135d5   Thumb Code     0  faddsub_clz.o(x$fpl$fsub)
    _fsub                                    0x080135d5   Thumb Code   234  faddsub_clz.o(x$fpl$fsub)
    __I$use$fp                               0x080136be   Number         0  usenofp.o(x$fpl$usenofp)
    asc2_1206                                0x080136be   Data        1140  lcd.o(.constdata)
    asc2_1608                                0x08013b32   Data        1520  lcd.o(.constdata)
    asc2_2412                                0x08014122   Data        3420  lcd.o(.constdata)
    table_week                               0x08014e7e   Data          12  rtc.o(.constdata)
    mon_table                                0x08014e8a   Data          12  rtc.o(.constdata)
    memtblsize                               0x08014e98   Data           8  malloc.o(.constdata)
    memblksize                               0x08014ea0   Data           8  malloc.o(.constdata)
    memsize                                  0x08014ea8   Data           8  malloc.o(.constdata)
    GBK24_PATH                               0x0803fbb4   Data           4  fontupd.o(.constdata)
    GBK16_PATH                               0x0803fbb8   Data           4  fontupd.o(.constdata)
    GBK12_PATH                               0x0803fbbc   Data           4  fontupd.o(.constdata)
    UNIGBK_PATH                              0x0803fbc0   Data           4  fontupd.o(.constdata)
    Region$$Table$$Base                      0x080400f4   Number         0  anon$$obj.o(Region$$Table)
    Region$$Table$$Limit                     0x08040114   Number         0  anon$$obj.o(Region$$Table)
    bw_2                                     0x20000000   Data           4  main.o(.data)
    cun                                      0x20000004   Data          10  main.o(.data)
    cun_1                                    0x2000000e   Data          10  main.o(.data)
    member_num                               0x20000018   Data           4  main.o(.data)
    kbd_tbl                                  0x2000001c   Data           4  main.o(.data)
    kbd_menu                                 0x20000020   Data          60  main.o(.data)
    ValidN                                   0x2000005c   Data           2  main.o(.data)
    s_1                                      0x2000005e   Data           1  main.o(.data)
    IDnum                                    0x2000005f   Data           1  main.o(.data)
    shu_flag                                 0x20000060   Data           1  main.o(.data)
    shu_flag_1                               0x20000061   Data           1  main.o(.data)
    flag_1                                   0x20000062   Data           1  main.o(.data)
    flag_2                                   0x20000063   Data           1  main.o(.data)
    flag3                                    0x20000064   Data           1  main.o(.data)
    flag4                                    0x20000065   Data           1  main.o(.data)
    flag5                                    0x20000066   Data           1  main.o(.data)
    e                                        0x20000067   Data           1  main.o(.data)
    f                                        0x20000068   Data           1  main.o(.data)
    min_five                                 0x20000069   Data           1  main.o(.data)
    count                                    0x2000006a   Data           1  main.o(.data)
    depart_flag                              0x2000006b   Data           1  main.o(.data)
    data_flag                                0x2000006c   Data           1  main.o(.data)
    SystemCoreClock                          0x20000070   Data           4  system_stm32f10x.o(.data)
    AHBPrescTable                            0x20000074   Data          16  system_stm32f10x.o(.data)
    __stdout                                 0x20000088   Data           4  usart.o(.data)
    USART_RX_STA                             0x2000008c   Data           2  usart.o(.data)
    POINT_COLOR                              0x20000090   Data           2  lcd.o(.data)
    BACK_COLOR                               0x20000092   Data           2  lcd.o(.data)
    TransferError                            0x2000009e   Data           1  sdio_sdcard.o(.data)
    TransferEnd                              0x2000009f   Data           1  sdio_sdcard.o(.data)
    tempbuff                                 0x200000a0   Data           4  sdio_sdcard.o(.data)
    t                                        0x200000a4   Data           1  timer.o(.data)
    tp_dev                                   0x200000a8   Data          40  touch.o(.data)
    CMD_RDX                                  0x200000d0   Data           1  touch.o(.data)
    CMD_RDY                                  0x200000d1   Data           1  touch.o(.data)
    TP_REMIND_MSG_TBL                        0x200000d4   Data           4  touch.o(.data)
    USART3_RX_STA                            0x200000d8   Data           2  usart3.o(.data)
    W25QXX_TYPE                              0x200000da   Data           2  w25qxx.o(.data)
    USART2_RX_STA                            0x200000dc   Data           2  usart2.o(.data)
    AS608Addr                                0x200000e0   Data           4  as608.o(.data)
    p                                        0x200000e8   Data           4  admin.o(.data)
    q                                        0x200000ec   Data           4  admin.o(.data)
    res                                      0x200000f0   Data           1  admin.o(.data)
    bww                                      0x200000f4   Data           4  admin.o(.data)
    abc_1                                    0x200000f8   Data           4  admin.o(.data)
    time_save                                0x200000fc   Data           7  admin.o(.data)
    hanshu_flag                              0x20000103   Data           1  admin.o(.data)
    set_hour                                 0x20000104   Data           1  admin.o(.data)
    set_min                                  0x20000105   Data           1  admin.o(.data)
    return_time_flag                         0x20000106   Data           1  admin.o(.data)
    kbd_tbl_2                                0x20000108   Data           4  admin.o(.data)
    kbd_menu_2                               0x2000010c   Data          60  admin.o(.data)
    TIME_storage                             0x20000148   Data           4  admin.o(.data)
    mallco_dev                               0x20000160   Data          28  malloc.o(.data)
    sys_cmd_tab                              0x2000017c   Data          28  usmart.o(.data)
    usmart_nametab                           0x20000198   Data         264  usmart_config.o(.data)
    usmart_dev                               0x200002a0   Data         244  usmart_config.o(.data)
    FLASH_SECTOR_COUNT                       0x2000039e   Data           2  diskio.o(.data)
    fs                                       0x200003a0   Data           8  exfuns.o(.data)
    file                                     0x200003a8   Data           4  exfuns.o(.data)
    ftemp                                    0x200003ac   Data           4  exfuns.o(.data)
    br                                       0x200003b0   Data           4  exfuns.o(.data)
    bw                                       0x200003b4   Data           4  exfuns.o(.data)
    fatbuf                                   0x200003b8   Data           4  exfuns.o(.data)
    fill                                     0x200003bc   Data         552  main.o(.bss)
    depart_1                                 0x200005e4   Data          28  main.o(.bss)
    depart_2                                 0x20000600   Data          28  main.o(.bss)
    depart_3                                 0x2000061c   Data          28  main.o(.bss)
    depart_4                                 0x20000638   Data          28  main.o(.bss)
    depart_5                                 0x20000654   Data          28  main.o(.bss)
    depart_6                                 0x20000670   Data          28  main.o(.bss)
    depart_7                                 0x2000068c   Data          28  main.o(.bss)
    depart_8                                 0x200006a8   Data          28  main.o(.bss)
    number_1                                 0x200006c4   Data          30  main.o(.bss)
    number_2                                 0x200006e2   Data          30  main.o(.bss)
    AS608Para                                0x20000700   Data          12  main.o(.bss)
    USART_RX_BUF                             0x2000070c   Data         200  usart.o(.bss)
    lcddev                                   0x200007d4   Data          14  lcd.o(.bss)
    SDIO_InitStructure                       0x200007e8   Data          24  sdio_sdcard.o(.bss)
    SDIO_CmdInitStructure                    0x20000800   Data          20  sdio_sdcard.o(.bss)
    SDIO_DataInitStructure                   0x20000814   Data          24  sdio_sdcard.o(.bss)
    SDCardInfo                               0x20000850   Data          88  sdio_sdcard.o(.bss)
    SDIO_DATA_BUFFER                         0x200008a8   Data         512  sdio_sdcard.o(.bss)
    USART3_RX_BUF                            0x20000aa8   Data         600  usart3.o(.bss)
    USART3_TX_BUF                            0x20000d00   Data         600  usart3.o(.bss)
    W25QXX_BUFFER                            0x20000f58   Data        4096  w25qxx.o(.bss)
    USART2_RX_BUF                            0x20001f58   Data         400  usart2.o(.bss)
    USART2_TX_BUF                            0x200020e8   Data         400  usart2.o(.bss)
    calendar                                 0x20002278   Data          10  rtc.o(.bss)
    stu1                                     0x20002284   Data         120  admin.o(.bss)
    fil                                      0x200022fc   Data         552  admin.o(.bss)
    buf                                      0x20002524   Data        6553  admin.o(.bss)
    clock_set                                0x20003ec0   Data          16  admin.o(.bss)
    STMFLASH_BUF                             0x20003ed0   Data        2048  stmflash.o(.bss)
    mem1base                                 0x200046e0   Data       40960  malloc.o(.bss)
    mem1mapbase                              0x2000e6e0   Data        2560  malloc.o(.bss)
    fileinfo                                 0x2000f0e0   Data          32  exfuns.o(.bss)
    dir                                      0x2000f100   Data          36  exfuns.o(.bss)
    ftinfo                                   0x2000f124   Data          33  fontupd.o(.bss)
    __libspace_start                         0x2000f148   Data          96  libspace.o(.bss)
    __temporary_stack_top$libspace           0x2000f1a8   Data           0  libspace.o(.bss)
    mem2base                                 0x68000000   Data       983040  malloc.o(.ARM.__AT_0x68000000)
    mem2mapbase                              0x680f0000   Data       61440  malloc.o(.ARM.__AT_0x680F0000)



==============================================================================

Memory Map of the image

  Image Entry point : 0x08000131

  Load Region LR_IROM1 (Base: 0x08000000, Size: 0x000404d0, Max: 0x00080000, ABSOLUTE, COMPRESSED[0x000402bc])

    Execution Region ER_IROM1 (Exec base: 0x08000000, Load base: 0x08000000, Size: 0x00040114, Max: 0x00080000, ABSOLUTE)

    Exec Addr    Load Addr    Size         Type   Attr      Idx    E Section Name        Object

    0x08000000   0x08000000   0x00000130   Data   RO          479    RESET               startup_stm32f10x_hd.o
    0x08000130   0x08000130   0x00000008   Code   RO         5368  * !!!main             c_w.l(__main.o)
    0x08000138   0x08000138   0x00000034   Code   RO         5718    !!!scatter          c_w.l(__scatter.o)
    0x0800016c   0x0800016c   0x0000005a   Code   RO         5716    !!dczerorl2         c_w.l(__dczerorl2.o)
    0x080001c6   0x080001c6   0x00000002   PAD
    0x080001c8   0x080001c8   0x0000001c   Code   RO         5720    !!handler_zi        c_w.l(__scatter_zi.o)
    0x080001e4   0x080001e4   0x00000000   Code   RO         5353    .ARM.Collect$$_printf_percent$$00000000  c_w.l(_printf_percent.o)
    0x080001e4   0x080001e4   0x00000006   Code   RO         5351    .ARM.Collect$$_printf_percent$$00000009  c_w.l(_printf_d.o)
    0x080001ea   0x080001ea   0x00000006   Code   RO         5352    .ARM.Collect$$_printf_percent$$0000000A  c_w.l(_printf_u.o)
    0x080001f0   0x080001f0   0x00000006   Code   RO         5350    .ARM.Collect$$_printf_percent$$0000000C  c_w.l(_printf_x.o)
    0x080001f6   0x080001f6   0x00000006   Code   RO         5348    .ARM.Collect$$_printf_percent$$00000013  c_w.l(_printf_c.o)
    0x080001fc   0x080001fc   0x00000006   Code   RO         5349    .ARM.Collect$$_printf_percent$$00000014  c_w.l(_printf_s.o)
    0x08000202   0x08000202   0x00000004   Code   RO         5464    .ARM.Collect$$_printf_percent$$00000017  c_w.l(_printf_percent_end.o)
    0x08000206   0x08000206   0x00000002   Code   RO         5582    .ARM.Collect$$libinit$$00000000  c_w.l(libinit.o)
    0x08000208   0x08000208   0x00000000   Code   RO         5597    .ARM.Collect$$libinit$$00000002  c_w.l(libinit2.o)
    0x08000208   0x08000208   0x00000000   Code   RO         5599    .ARM.Collect$$libinit$$00000004  c_w.l(libinit2.o)
    0x08000208   0x08000208   0x00000000   Code   RO         5602    .ARM.Collect$$libinit$$0000000A  c_w.l(libinit2.o)
    0x08000208   0x08000208   0x00000000   Code   RO         5604    .ARM.Collect$$libinit$$0000000C  c_w.l(libinit2.o)
    0x08000208   0x08000208   0x00000000   Code   RO         5606    .ARM.Collect$$libinit$$0000000E  c_w.l(libinit2.o)
    0x08000208   0x08000208   0x00000000   Code   RO         5609    .ARM.Collect$$libinit$$00000011  c_w.l(libinit2.o)
    0x08000208   0x08000208   0x00000000   Code   RO         5611    .ARM.Collect$$libinit$$00000013  c_w.l(libinit2.o)
    0x08000208   0x08000208   0x00000000   Code   RO         5613    .ARM.Collect$$libinit$$00000015  c_w.l(libinit2.o)
    0x08000208   0x08000208   0x00000000   Code   RO         5615    .ARM.Collect$$libinit$$00000017  c_w.l(libinit2.o)
    0x08000208   0x08000208   0x00000000   Code   RO         5617    .ARM.Collect$$libinit$$00000019  c_w.l(libinit2.o)
    0x08000208   0x08000208   0x00000000   Code   RO         5619    .ARM.Collect$$libinit$$0000001B  c_w.l(libinit2.o)
    0x08000208   0x08000208   0x00000000   Code   RO         5621    .ARM.Collect$$libinit$$0000001D  c_w.l(libinit2.o)
    0x08000208   0x08000208   0x00000000   Code   RO         5623    .ARM.Collect$$libinit$$0000001F  c_w.l(libinit2.o)
    0x08000208   0x08000208   0x00000000   Code   RO         5625    .ARM.Collect$$libinit$$00000021  c_w.l(libinit2.o)
    0x08000208   0x08000208   0x00000000   Code   RO         5627    .ARM.Collect$$libinit$$00000023  c_w.l(libinit2.o)
    0x08000208   0x08000208   0x00000000   Code   RO         5629    .ARM.Collect$$libinit$$00000025  c_w.l(libinit2.o)
    0x08000208   0x08000208   0x00000000   Code   RO         5633    .ARM.Collect$$libinit$$0000002C  c_w.l(libinit2.o)
    0x08000208   0x08000208   0x00000000   Code   RO         5635    .ARM.Collect$$libinit$$0000002E  c_w.l(libinit2.o)
    0x08000208   0x08000208   0x00000000   Code   RO         5637    .ARM.Collect$$libinit$$00000030  c_w.l(libinit2.o)
    0x08000208   0x08000208   0x00000000   Code   RO         5639    .ARM.Collect$$libinit$$00000032  c_w.l(libinit2.o)
    0x08000208   0x08000208   0x00000002   Code   RO         5640    .ARM.Collect$$libinit$$00000033  c_w.l(libinit2.o)
    0x0800020a   0x0800020a   0x00000002   Code   RO         5668    .ARM.Collect$$libshutdown$$00000000  c_w.l(libshutdown.o)
    0x0800020c   0x0800020c   0x00000000   Code   RO         5682    .ARM.Collect$$libshutdown$$00000002  c_w.l(libshutdown2.o)
    0x0800020c   0x0800020c   0x00000000   Code   RO         5684    .ARM.Collect$$libshutdown$$00000004  c_w.l(libshutdown2.o)
    0x0800020c   0x0800020c   0x00000000   Code   RO         5687    .ARM.Collect$$libshutdown$$00000007  c_w.l(libshutdown2.o)
    0x0800020c   0x0800020c   0x00000000   Code   RO         5690    .ARM.Collect$$libshutdown$$0000000A  c_w.l(libshutdown2.o)
    0x0800020c   0x0800020c   0x00000000   Code   RO         5692    .ARM.Collect$$libshutdown$$0000000C  c_w.l(libshutdown2.o)
    0x0800020c   0x0800020c   0x00000000   Code   RO         5695    .ARM.Collect$$libshutdown$$0000000F  c_w.l(libshutdown2.o)
    0x0800020c   0x0800020c   0x00000002   Code   RO         5696    .ARM.Collect$$libshutdown$$00000010  c_w.l(libshutdown2.o)
    0x0800020e   0x0800020e   0x00000000   Code   RO         5426    .ARM.Collect$$rtentry$$00000000  c_w.l(__rtentry.o)
    0x0800020e   0x0800020e   0x00000000   Code   RO         5494    .ARM.Collect$$rtentry$$00000002  c_w.l(__rtentry2.o)
    0x0800020e   0x0800020e   0x00000006   Code   RO         5506    .ARM.Collect$$rtentry$$00000004  c_w.l(__rtentry4.o)
    0x08000214   0x08000214   0x00000000   Code   RO         5496    .ARM.Collect$$rtentry$$00000009  c_w.l(__rtentry2.o)
    0x08000214   0x08000214   0x00000004   Code   RO         5497    .ARM.Collect$$rtentry$$0000000A  c_w.l(__rtentry2.o)
    0x08000218   0x08000218   0x00000000   Code   RO         5499    .ARM.Collect$$rtentry$$0000000C  c_w.l(__rtentry2.o)
    0x08000218   0x08000218   0x00000008   Code   RO         5500    .ARM.Collect$$rtentry$$0000000D  c_w.l(__rtentry2.o)
    0x08000220   0x08000220   0x00000002   Code   RO         5587    .ARM.Collect$$rtexit$$00000000  c_w.l(rtexit.o)
    0x08000222   0x08000222   0x00000000   Code   RO         5642    .ARM.Collect$$rtexit$$00000002  c_w.l(rtexit2.o)
    0x08000222   0x08000222   0x00000004   Code   RO         5643    .ARM.Collect$$rtexit$$00000003  c_w.l(rtexit2.o)
    0x08000226   0x08000226   0x00000006   Code   RO         5644    .ARM.Collect$$rtexit$$00000004  c_w.l(rtexit2.o)
    0x0800022c   0x0800022c   0x00000040   Code   RO          480    .text               startup_stm32f10x_hd.o
    0x0800026c   0x0800026c   0x00000002   Code   RO         5285    .text               c_w.l(use_no_semi_2.o)
    0x0800026e   0x0800026e   0x00000048   Code   RO         5287    .text               c_w.l(llsdiv.o)
    0x080002b6   0x080002b6   0x00000002   PAD
    0x080002b8   0x080002b8   0x00000018   Code   RO         5291    .text               c_w.l(__2printf.o)
    0x080002d0   0x080002d0   0x0000004e   Code   RO         5301    .text               c_w.l(_printf_pad.o)
    0x0800031e   0x0800031e   0x00000052   Code   RO         5303    .text               c_w.l(_printf_str.o)
    0x08000370   0x08000370   0x00000078   Code   RO         5305    .text               c_w.l(_printf_dec.o)
    0x080003e8   0x080003e8   0x00000094   Code   RO         5325    .text               c_w.l(_printf_hex_int_ll_ptr.o)
    0x0800047c   0x0800047c   0x00000188   Code   RO         5345    .text               c_w.l(__printf_flags_ss_wp.o)
    0x08000604   0x08000604   0x00000024   Code   RO         5354    .text               c_w.l(strstr.o)
    0x08000628   0x08000628   0x00000048   Code   RO         5356    .text               c_w.l(strcpy.o)
    0x08000670   0x08000670   0x0000003e   Code   RO         5358    .text               c_w.l(strlen.o)
    0x080006ae   0x080006ae   0x00000018   Code   RO         5360    .text               c_w.l(strcat.o)
    0x080006c6   0x080006c6   0x0000008a   Code   RO         5362    .text               c_w.l(rt_memcpy_v6.o)
    0x08000750   0x08000750   0x00000006   Code   RO         5366    .text               c_w.l(heapauxi.o)
    0x08000756   0x08000756   0x00000002   Code   RO         5424    .text               c_w.l(use_no_semi.o)
    0x08000758   0x08000758   0x000000ee   Code   RO         5427    .text               c_w.l(lludivv7m.o)
    0x08000846   0x08000846   0x00000016   Code   RO         5429    .text               c_w.l(_rserrno.o)
    0x0800085c   0x0800085c   0x000000b2   Code   RO         5433    .text               c_w.l(_printf_intcommon.o)
    0x0800090e   0x0800090e   0x00000002   PAD
    0x08000910   0x08000910   0x00000030   Code   RO         5437    .text               c_w.l(_printf_char_common.o)
    0x08000940   0x08000940   0x0000002c   Code   RO         5441    .text               c_w.l(_printf_char.o)
    0x0800096c   0x0800096c   0x00000024   Code   RO         5443    .text               c_w.l(_printf_char_file.o)
    0x08000990   0x08000990   0x00000064   Code   RO         5474    .text               c_w.l(rt_memcpy_w.o)
    0x080009f4   0x080009f4   0x00000008   Code   RO         5515    .text               c_w.l(rt_errno_addr_intlibspace.o)
    0x080009fc   0x080009fc   0x00000008   Code   RO         5525    .text               c_w.l(ferror.o)
    0x08000a04   0x08000a04   0x00000008   Code   RO         5531    .text               c_w.l(libspace.o)
    0x08000a0c   0x08000a0c   0x0000004a   Code   RO         5534    .text               c_w.l(sys_stackheap_outer.o)
    0x08000a56   0x08000a56   0x00000012   Code   RO         5575    .text               c_w.l(exit.o)
    0x08000a68   0x08000a68   0x00000008   Code   RO          612    i.AT24CXX_Init      24cxx.o
    0x08000a70   0x08000a70   0x0000002c   Code   RO          614    i.AT24CXX_ReadLenByte  24cxx.o
    0x08000a9c   0x08000a9c   0x00000058   Code   RO          615    i.AT24CXX_ReadOneByte  24cxx.o
    0x08000af4   0x08000af4   0x0000002a   Code   RO          617    i.AT24CXX_WriteLenByte  24cxx.o
    0x08000b1e   0x08000b1e   0x00000050   Code   RO          618    i.AT24CXX_WriteOneByte  24cxx.o
    0x08000b6e   0x08000b6e   0x00000002   PAD
    0x08000b70   0x08000b70   0x00000510   Code   RO            2    i.Add_FR            main.o
    0x08001080   0x08001080   0x00000038   Code   RO         1793    i.BEEP_Init         beep.o
    0x080010b8   0x080010b8   0x00000010   Code   RO         3908    i.BKP_DeInit        stm32f10x_bkp.o
    0x080010c8   0x080010c8   0x0000001c   Code   RO         3913    i.BKP_ReadBackupRegister  stm32f10x_bkp.o
    0x080010e4   0x080010e4   0x0000001c   Code   RO         3917    i.BKP_WriteBackupRegister  stm32f10x_bkp.o
    0x08001100   0x08001100   0x00000004   Code   RO          286    i.BusFault_Handler  stm32f10x_it.o
    0x08001104   0x08001104   0x00000030   Code   RO          922    i.CmdError          sdio_sdcard.o
    0x08001134   0x08001134   0x00000060   Code   RO          923    i.CmdResp1Error     sdio_sdcard.o
    0x08001194   0x08001194   0x00000054   Code   RO          924    i.CmdResp2Error     sdio_sdcard.o
    0x080011e8   0x080011e8   0x00000038   Code   RO          925    i.CmdResp3Error     sdio_sdcard.o
    0x08001220   0x08001220   0x00000090   Code   RO          926    i.CmdResp6Error     sdio_sdcard.o
    0x080012b0   0x080012b0   0x0000004c   Code   RO          927    i.CmdResp7Error     sdio_sdcard.o
    0x080012fc   0x080012fc   0x00000018   Code   RO         2140    i.DMA_Cmd           stm32f10x_dma.o
    0x08001314   0x08001314   0x0000014c   Code   RO         2141    i.DMA_DeInit        stm32f10x_dma.o
    0x08001460   0x08001460   0x0000003c   Code   RO         2146    i.DMA_Init          stm32f10x_dma.o
    0x0800149c   0x0800149c   0x00000002   Code   RO          287    i.DebugMon_Handler  stm32f10x_it.o
    0x0800149e   0x0800149e   0x00000002   PAD
    0x080014a0   0x080014a0   0x0000014c   Code   RO            3    i.Del_FR            main.o
    0x080015ec   0x080015ec   0x00000270   Code   RO         1517    i.EnsureMessage     as608.o
    0x0800185c   0x0800185c   0x0000004c   Code   RO         3989    i.FLASH_ErasePage   stm32f10x_flash.o
    0x080018a8   0x080018a8   0x00000034   Code   RO         3990    i.FLASH_GetBank1Status  stm32f10x_flash.o
    0x080018dc   0x080018dc   0x00000014   Code   RO         3999    i.FLASH_Lock        stm32f10x_flash.o
    0x080018f0   0x080018f0   0x00000040   Code   RO         4002    i.FLASH_ProgramHalfWord  stm32f10x_flash.o
    0x08001930   0x08001930   0x00000018   Code   RO         4007    i.FLASH_Unlock      stm32f10x_flash.o
    0x08001948   0x08001948   0x00000026   Code   RO         4011    i.FLASH_WaitForLastOperation  stm32f10x_flash.o
    0x0800196e   0x0800196e   0x00000002   PAD
    0x08001970   0x08001970   0x00000034   Code   RO         2275    i.FSMC_NORSRAMCmd   stm32f10x_fsmc.o
    0x080019a4   0x080019a4   0x000000e6   Code   RO         2277    i.FSMC_NORSRAMInit  stm32f10x_fsmc.o
    0x08001a8a   0x08001a8a   0x00000002   PAD
    0x08001a8c   0x08001a8c   0x000000b0   Code   RO         1941    i.File_xianshi      admin.o
    0x08001b3c   0x08001b3c   0x00000194   Code   RO          928    i.FindSCR           sdio_sdcard.o
    0x08001cd0   0x08001cd0   0x00000116   Code   RO         2390    i.GPIO_Init         stm32f10x_gpio.o
    0x08001de6   0x08001de6   0x00000012   Code   RO         2394    i.GPIO_ReadInputDataBit  stm32f10x_gpio.o
    0x08001df8   0x08001df8   0x00000004   Code   RO         2397    i.GPIO_ResetBits    stm32f10x_gpio.o
    0x08001dfc   0x08001dfc   0x00000004   Code   RO         2398    i.GPIO_SetBits      stm32f10x_gpio.o
    0x08001e00   0x08001e00   0x000000e0   Code   RO         5253    i.Get_HzMat         text.o
    0x08001ee0   0x08001ee0   0x00000004   Code   RO          288    i.HardFault_Handler  stm32f10x_it.o
    0x08001ee4   0x08001ee4   0x00000004   Code   RO          543    i.INTX_DISABLE      sys.o
    0x08001ee8   0x08001ee8   0x00000004   Code   RO          544    i.INTX_ENABLE       sys.o
    0x08001eec   0x08001eec   0x00000050   Code   RO         1858    i.IO_IIC_Init       ioiic.o
    0x08001f3c   0x08001f3c   0x000000bc   Code   RO         1860    i.IO_IIC_Read_Byte  ioiic.o
    0x08001ff8   0x08001ff8   0x00000038   Code   RO         1861    i.IO_IIC_Start      ioiic.o
    0x08002030   0x08002030   0x0000002c   Code   RO         1862    i.IO_IIC_Stop       ioiic.o
    0x0800205c   0x0800205c   0x0000009c   Code   RO         1863    i.IO_IIC_Wait_Ack   ioiic.o
    0x080020f8   0x080020f8   0x00000058   Code   RO         1864    i.IO_IIC_Write_Byte  ioiic.o
    0x08002150   0x08002150   0x00000080   Code   RO         1911    i.IO_SPI_Init       iospi.o
    0x080021d0   0x080021d0   0x00000064   Code   RO         1912    i.IO_SPI_RW_Byte    iospi.o
    0x08002234   0x08002234   0x0000009c   Code   RO          929    i.IsCardProgramming  sdio_sdcard.o
    0x080022d0   0x080022d0   0x0000003a   Code   RO         1705    i.Is_Leap_Year      rtc.o
    0x0800230a   0x0800230a   0x00000002   PAD
    0x0800230c   0x0800230c   0x00000088   Code   RO         1518    i.JudgeStr          as608.o
    0x08002394   0x08002394   0x0000003c   Code   RO          671    i.KEY_Init          key.o
    0x080023d0   0x080023d0   0x000000c8   Code   RO          672    i.KEY_Scan          key.o
    0x08002498   0x08002498   0x00000044   Code   RO         1682    i.Key_init1         key1.o
    0x080024dc   0x080024dc   0x0000001a   Code   RO          693    i.LCD_BGR2RGB       lcd.o
    0x080024f6   0x080024f6   0x00000002   PAD
    0x080024f8   0x080024f8   0x0000006c   Code   RO          694    i.LCD_Clear         lcd.o
    0x08002564   0x08002564   0x000001c0   Code   RO          698    i.LCD_Display_Dir   lcd.o
    0x08002724   0x08002724   0x000000b0   Code   RO          699    i.LCD_DrawLine      lcd.o
    0x080027d4   0x080027d4   0x00000024   Code   RO          700    i.LCD_DrawPoint     lcd.o
    0x080027f8   0x080027f8   0x0000003c   Code   RO          701    i.LCD_DrawRectangle  lcd.o
    0x08002834   0x08002834   0x00000098   Code   RO          702    i.LCD_Draw_Circle   lcd.o
    0x080028cc   0x080028cc   0x0000017c   Code   RO          703    i.LCD_Fast_DrawPoint  lcd.o
    0x08002a48   0x08002a48   0x000000bc   Code   RO          704    i.LCD_Fill          lcd.o
    0x08002b04   0x08002b04   0x00003774   Code   RO          705    i.LCD_Init          lcd.o
    0x08006278   0x08006278   0x00000016   Code   RO          706    i.LCD_Pow           lcd.o
    0x0800628e   0x0800628e   0x00000002   PAD
    0x08006290   0x08006290   0x00000014   Code   RO          707    i.LCD_RD_DATA       lcd.o
    0x080062a4   0x080062a4   0x0000016c   Code   RO          708    i.LCD_ReadPoint     lcd.o
    0x08006410   0x08006410   0x00000016   Code   RO          709    i.LCD_ReadReg       lcd.o
    0x08006426   0x08006426   0x00000002   PAD
    0x08006428   0x08006428   0x00000054   Code   RO          710    i.LCD_SSD_BackLightSet  lcd.o
    0x0800647c   0x0800647c   0x000002ec   Code   RO          711    i.LCD_Scan_Dir      lcd.o
    0x08006768   0x08006768   0x000001a8   Code   RO          712    i.LCD_SetCursor     lcd.o
    0x08006910   0x08006910   0x00000128   Code   RO          714    i.LCD_ShowChar      lcd.o
    0x08006a38   0x08006a38   0x00000094   Code   RO          715    i.LCD_ShowNum       lcd.o
    0x08006acc   0x08006acc   0x00000066   Code   RO          716    i.LCD_ShowString    lcd.o
    0x08006b32   0x08006b32   0x000000be   Code   RO          717    i.LCD_ShowxNum      lcd.o
    0x08006bf0   0x08006bf0   0x0000000c   Code   RO          718    i.LCD_WR_DATA       lcd.o
    0x08006bfc   0x08006bfc   0x0000000c   Code   RO          719    i.LCD_WR_REG        lcd.o
    0x08006c08   0x08006c08   0x00000014   Code   RO          721    i.LCD_WriteRAM_Prepare  lcd.o
    0x08006c1c   0x08006c1c   0x00000010   Code   RO          722    i.LCD_WriteReg      lcd.o
    0x08006c2c   0x08006c2c   0x0000004c   Code   RO          907    i.LED_Init          led.o
    0x08006c78   0x08006c78   0x00000040   Code   RO         1942    i.Local_time_set    admin.o
    0x08006cb8   0x08006cb8   0x0000001c   Code   RO         1519    i.MYUSART_SendData  as608.o
    0x08006cd4   0x08006cd4   0x00000004   Code   RO          289    i.MemManage_Handler  stm32f10x_it.o
    0x08006cd8   0x08006cd8   0x00000002   Code   RO          290    i.NMI_Handler       stm32f10x_it.o
    0x08006cda   0x08006cda   0x00000002   PAD
    0x08006cdc   0x08006cdc   0x00000070   Code   RO         2102    i.NVIC_Init         misc.o
    0x08006d4c   0x08006d4c   0x00000014   Code   RO         2103    i.NVIC_PriorityGroupConfig  misc.o
    0x08006d60   0x08006d60   0x0000006c   Code   RO         1520    i.PS_DeletChar      as608.o
    0x08006dcc   0x08006dcc   0x0000003a   Code   RO         1521    i.PS_Empty          as608.o
    0x08006e06   0x08006e06   0x00000046   Code   RO         1522    i.PS_GenChar        as608.o
    0x08006e4c   0x08006e4c   0x0000003a   Code   RO         1523    i.PS_GetImage       as608.o
    0x08006e86   0x08006e86   0x00000002   PAD
    0x08006e88   0x08006e88   0x00000080   Code   RO         1524    i.PS_HandShake      as608.o
    0x08006f08   0x08006f08   0x00000090   Code   RO         1525    i.PS_HighSpeedSearch  as608.o
    0x08006f98   0x08006f98   0x0000003a   Code   RO         1526    i.PS_Match          as608.o
    0x08006fd2   0x08006fd2   0x00000002   PAD
    0x08006fd4   0x08006fd4   0x000000f0   Code   RO         1528    i.PS_ReadSysPara    as608.o
    0x080070c4   0x080070c4   0x0000003a   Code   RO         1529    i.PS_RegModel       as608.o
    0x080070fe   0x080070fe   0x00000002   PAD
    0x08007100   0x08007100   0x0000002c   Code   RO         1532    i.PS_StaGPIO_Init   as608.o
    0x0800712c   0x0800712c   0x00000060   Code   RO         1533    i.PS_StoreChar      as608.o
    0x0800718c   0x0800718c   0x00000088   Code   RO         1534    i.PS_ValidTempleteNum  as608.o
    0x08007214   0x08007214   0x0000000c   Code   RO         3846    i.PWR_BackupAccessCmd  stm32f10x_pwr.o
    0x08007220   0x08007220   0x00000002   Code   RO          291    i.PendSV_Handler    stm32f10x_it.o
    0x08007222   0x08007222   0x00000002   PAD
    0x08007224   0x08007224   0x00000020   Code   RO         2499    i.RCC_AHBPeriphClockCmd  stm32f10x_rcc.o
    0x08007244   0x08007244   0x00000020   Code   RO         2500    i.RCC_APB1PeriphClockCmd  stm32f10x_rcc.o
    0x08007264   0x08007264   0x00000020   Code   RO         2501    i.RCC_APB1PeriphResetCmd  stm32f10x_rcc.o
    0x08007284   0x08007284   0x00000020   Code   RO         2502    i.RCC_APB2PeriphClockCmd  stm32f10x_rcc.o
    0x080072a4   0x080072a4   0x00000020   Code   RO         2503    i.RCC_APB2PeriphResetCmd  stm32f10x_rcc.o
    0x080072c4   0x080072c4   0x0000000c   Code   RO         2505    i.RCC_BackupResetCmd  stm32f10x_rcc.o
    0x080072d0   0x080072d0   0x000000d4   Code   RO         2510    i.RCC_GetClocksFreq  stm32f10x_rcc.o
    0x080073a4   0x080073a4   0x0000003c   Code   RO         2511    i.RCC_GetFlagStatus  stm32f10x_rcc.o
    0x080073e0   0x080073e0   0x00000034   Code   RO         2518    i.RCC_LSEConfig     stm32f10x_rcc.o
    0x08007414   0x08007414   0x0000000c   Code   RO         2525    i.RCC_RTCCLKCmd     stm32f10x_rcc.o
    0x08007420   0x08007420   0x00000010   Code   RO         2526    i.RCC_RTCCLKConfig  stm32f10x_rcc.o
    0x08007430   0x08007430   0x00000010   Code   RO         3757    i.RTC_ClearITPendingBit  stm32f10x_rtc.o
    0x08007440   0x08007440   0x00000014   Code   RO         3758    i.RTC_EnterConfigMode  stm32f10x_rtc.o
    0x08007454   0x08007454   0x00000014   Code   RO         3759    i.RTC_ExitConfigMode  stm32f10x_rtc.o
    0x08007468   0x08007468   0x00000100   Code   RO         1707    i.RTC_Get           rtc.o
    0x08007568   0x08007568   0x00000014   Code   RO         3760    i.RTC_GetCounter    stm32f10x_rtc.o
    0x0800757c   0x0800757c   0x00000024   Code   RO         3763    i.RTC_GetITStatus   stm32f10x_rtc.o
    0x080075a0   0x080075a0   0x00000078   Code   RO         1708    i.RTC_Get_Week      rtc.o
    0x08007618   0x08007618   0x00000070   Code   RO         1709    i.RTC_IRQHandler    rtc.o
    0x08007688   0x08007688   0x00000020   Code   RO         3764    i.RTC_ITConfig      stm32f10x_rtc.o
    0x080076a8   0x080076a8   0x000000aa   Code   RO         1710    i.RTC_Init          rtc.o
    0x08007752   0x08007752   0x00000020   Code   RO         1711    i.RTC_NVIC_Config   rtc.o
    0x08007772   0x08007772   0x00000002   PAD
    0x08007774   0x08007774   0x0000001c   Code   RO         3766    i.RTC_SetCounter    stm32f10x_rtc.o
    0x08007790   0x08007790   0x00000020   Code   RO         3767    i.RTC_SetPrescaler  stm32f10x_rtc.o
    0x080077b0   0x080077b0   0x000000e0   Code   RO         1943    i.RTC_Set_2         admin.o
    0x08007890   0x08007890   0x00000014   Code   RO         3768    i.RTC_WaitForLastTask  stm32f10x_rtc.o
    0x080078a4   0x080078a4   0x00000024   Code   RO         3769    i.RTC_WaitForSynchro  stm32f10x_rtc.o
    0x080078c8   0x080078c8   0x000000ac   Code   RO          930    i.SDEnWideBus       sdio_sdcard.o
    0x08007974   0x08007974   0x0000000c   Code   RO         2699    i.SDIO_ClearFlag    stm32f10x_sdio.o
    0x08007980   0x08007980   0x0000000c   Code   RO         2701    i.SDIO_ClockCmd     stm32f10x_sdio.o
    0x0800798c   0x0800798c   0x00000014   Code   RO          931    i.SDIO_Clock_Set    sdio_sdcard.o
    0x080079a0   0x080079a0   0x0000000c   Code   RO         2704    i.SDIO_DMACmd       stm32f10x_sdio.o
    0x080079ac   0x080079ac   0x00000030   Code   RO         2705    i.SDIO_DataConfig   stm32f10x_sdio.o
    0x080079dc   0x080079dc   0x00000024   Code   RO         2707    i.SDIO_DeInit       stm32f10x_sdio.o
    0x08007a00   0x08007a00   0x00000018   Code   RO         2711    i.SDIO_GetFlagStatus  stm32f10x_sdio.o
    0x08007a18   0x08007a18   0x00000010   Code   RO         2713    i.SDIO_GetPowerState  stm32f10x_sdio.o
    0x08007a28   0x08007a28   0x00000008   Code   RO          932    i.SDIO_IRQHandler   sdio_sdcard.o
    0x08007a30   0x08007a30   0x00000030   Code   RO         2716    i.SDIO_Init         stm32f10x_sdio.o
    0x08007a60   0x08007a60   0x0000000c   Code   RO         2717    i.SDIO_ReadData     stm32f10x_sdio.o
    0x08007a6c   0x08007a6c   0x0000002c   Code   RO         2719    i.SDIO_SendCommand  stm32f10x_sdio.o
    0x08007a98   0x08007a98   0x0000001c   Code   RO         2721    i.SDIO_SetPowerState  stm32f10x_sdio.o
    0x08007ab4   0x08007ab4   0x0000000c   Code   RO         2727    i.SDIO_WriteData    stm32f10x_sdio.o
    0x08007ac0   0x08007ac0   0x00000068   Code   RO          933    i.SD_DMA_Config     sdio_sdcard.o
    0x08007b28   0x08007b28   0x00000068   Code   RO          934    i.SD_EnableWideBusOperation  sdio_sdcard.o
    0x08007b90   0x08007b90   0x00000314   Code   RO          935    i.SD_GetCardInfo    sdio_sdcard.o
    0x08007ea4   0x08007ea4   0x00000100   Code   RO          937    i.SD_Init           sdio_sdcard.o
    0x08007fa4   0x08007fa4   0x00000154   Code   RO          938    i.SD_InitializeCards  sdio_sdcard.o
    0x080080f8   0x080080f8   0x000001dc   Code   RO          940    i.SD_PowerON        sdio_sdcard.o
    0x080082d4   0x080082d4   0x0000013c   Code   RO          941    i.SD_ProcessIRQSrc  sdio_sdcard.o
    0x08008410   0x08008410   0x00000258   Code   RO          942    i.SD_ReadBlock      sdio_sdcard.o
    0x08008668   0x08008668   0x000000a0   Code   RO          943    i.SD_ReadDisk       sdio_sdcard.o
    0x08008708   0x08008708   0x000002e8   Code   RO          944    i.SD_ReadMultiBlocks  sdio_sdcard.o
    0x080089f0   0x080089f0   0x00000030   Code   RO          945    i.SD_SelectDeselect  sdio_sdcard.o
    0x08008a20   0x08008a20   0x00000018   Code   RO          947    i.SD_SetDeviceMode  sdio_sdcard.o
    0x08008a38   0x08008a38   0x00000374   Code   RO          948    i.SD_WriteBlock     sdio_sdcard.o
    0x08008dac   0x08008dac   0x000000a0   Code   RO          949    i.SD_WriteDisk      sdio_sdcard.o
    0x08008e4c   0x08008e4c   0x000003c0   Code   RO          950    i.SD_WriteMultiBlocks  sdio_sdcard.o
    0x0800920c   0x0800920c   0x00000022   Code   RO         2060    i.STMFLASH_Read     stmflash.o
    0x0800922e   0x0800922e   0x00000006   Code   RO         2061    i.STMFLASH_ReadHalfWord  stmflash.o
    0x08009234   0x08009234   0x000000e8   Code   RO         2062    i.STMFLASH_Write    stmflash.o
    0x0800931c   0x0800931c   0x00000026   Code   RO         2063    i.STMFLASH_Write_NoCheck  stmflash.o
    0x08009342   0x08009342   0x00000002   Code   RO          292    i.SVC_Handler       stm32f10x_it.o
    0x08009344   0x08009344   0x00000034   Code   RO         1537    i.SendAddr          as608.o
    0x08009378   0x08009378   0x00000012   Code   RO         1538    i.SendCheck         as608.o
    0x0800938a   0x0800938a   0x0000000c   Code   RO         1539    i.SendFlag          as608.o
    0x08009396   0x08009396   0x00000010   Code   RO         1540    i.SendHead          as608.o
    0x080093a6   0x080093a6   0x00000014   Code   RO         1541    i.SendLength        as608.o
    0x080093ba   0x080093ba   0x0000000c   Code   RO         1542    i.Sendcmd           as608.o
    0x080093c6   0x080093c6   0x00000008   Code   RO          432    i.SetSysClock       system_stm32f10x.o
    0x080093ce   0x080093ce   0x00000002   PAD
    0x080093d0   0x080093d0   0x000000e0   Code   RO          433    i.SetSysClockTo72   system_stm32f10x.o
    0x080094b0   0x080094b0   0x0000004c   Code   RO            5    i.ShowErrMessage    main.o
    0x080094fc   0x080094fc   0x000000c8   Code   RO         5254    i.Show_Font         text.o
    0x080095c4   0x080095c4   0x000000c2   Code   RO         5255    i.Show_Str          text.o
    0x08009686   0x08009686   0x00000002   PAD
    0x08009688   0x08009688   0x00000070   Code   RO         5256    i.Show_Str_Mid      text.o
    0x080096f8   0x080096f8   0x00000028   Code   RO         2106    i.SysTick_CLKSourceConfig  misc.o
    0x08009720   0x08009720   0x00000002   Code   RO          293    i.SysTick_Handler   stm32f10x_it.o
    0x08009722   0x08009722   0x00000002   PAD
    0x08009724   0x08009724   0x00000060   Code   RO          435    i.SystemInit        system_stm32f10x.o
    0x08009784   0x08009784   0x0000034c   Code   RO         1122    i.TIM3_IRQHandler   timer.o
    0x08009ad0   0x08009ad0   0x00000060   Code   RO         1123    i.TIM3_Int_Init     timer.o
    0x08009b30   0x08009b30   0x00000038   Code   RO         4228    i.TIM4_IRQHandler   usmart.o
    0x08009b68   0x08009b68   0x00000034   Code   RO         1124    i.TIM6_IRQHandler   timer.o
    0x08009b9c   0x08009b9c   0x00000060   Code   RO         1125    i.TIM6_Int_Init     timer.o
    0x08009bfc   0x08009bfc   0x00000034   Code   RO         1126    i.TIM7_IRQHandler   timer.o
    0x08009c30   0x08009c30   0x00000060   Code   RO         1127    i.TIM7_Int_Init     timer.o
    0x08009c90   0x08009c90   0x00000006   Code   RO         3038    i.TIM_ClearFlag     stm32f10x_tim.o
    0x08009c96   0x08009c96   0x00000006   Code   RO         3039    i.TIM_ClearITPendingBit  stm32f10x_tim.o
    0x08009c9c   0x08009c9c   0x00000018   Code   RO         3044    i.TIM_Cmd           stm32f10x_tim.o
    0x08009cb4   0x08009cb4   0x00000006   Code   RO         3063    i.TIM_GetCounter    stm32f10x_tim.o
    0x08009cba   0x08009cba   0x00000012   Code   RO         3064    i.TIM_GetFlagStatus  stm32f10x_tim.o
    0x08009ccc   0x08009ccc   0x00000022   Code   RO         3065    i.TIM_GetITStatus   stm32f10x_tim.o
    0x08009cee   0x08009cee   0x00000012   Code   RO         3069    i.TIM_ITConfig      stm32f10x_tim.o
    0x08009d00   0x08009d00   0x00000004   Code   RO         3103    i.TIM_SetAutoreload  stm32f10x_tim.o
    0x08009d04   0x08009d04   0x00000004   Code   RO         3109    i.TIM_SetCounter    stm32f10x_tim.o
    0x08009d08   0x08009d08   0x000000a4   Code   RO         3115    i.TIM_TimeBaseInit  stm32f10x_tim.o
    0x08009dac   0x08009dac   0x000001a8   Code   RO         1239    i.TP_Adj_Info_Show  touch.o
    0x08009f54   0x08009f54   0x0000084c   Code   RO         1240    i.TP_Adjust         touch.o
    0x0800a7a0   0x0800a7a0   0x00000070   Code   RO         1242    i.TP_Drow_Touch_Point  touch.o
    0x0800a810   0x0800a810   0x000000a8   Code   RO         1243    i.TP_Get_Adjdata    touch.o
    0x0800a8b8   0x0800a8b8   0x00000098   Code   RO         1244    i.TP_Init           touch.o
    0x0800a950   0x0800a950   0x0000008c   Code   RO         1245    i.TP_Read_AD        touch.o
    0x0800a9dc   0x0800a9dc   0x00000078   Code   RO         1246    i.TP_Read_XOY       touch.o
    0x0800aa54   0x0800aa54   0x00000030   Code   RO         1247    i.TP_Read_XY        touch.o
    0x0800aa84   0x0800aa84   0x000000c0   Code   RO         1248    i.TP_Read_XY2       touch.o
    0x0800ab44   0x0800ab44   0x00000078   Code   RO         1249    i.TP_Save_Adjdata   touch.o
    0x0800abbc   0x0800abbc   0x000000fc   Code   RO         1250    i.TP_Scan           touch.o
    0x0800acb8   0x0800acb8   0x00000044   Code   RO         1251    i.TP_Write_Byte     touch.o
    0x0800acfc   0x0800acfc   0x0000005c   Code   RO         4229    i.Timer4_Init       usmart.o
    0x0800ad58   0x0800ad58   0x00000088   Code   RO          570    i.USART1_IRQHandler  usart.o
    0x0800ade0   0x0800ade0   0x00000070   Code   RO         1486    i.USART2_IRQHandler  usart2.o
    0x0800ae50   0x0800ae50   0x00000074   Code   RO         1338    i.USART3_IRQHandler  usart3.o
    0x0800aec4   0x0800aec4   0x00000018   Code   RO         3580    i.USART_Cmd         stm32f10x_usart.o
    0x0800aedc   0x0800aedc   0x0000009c   Code   RO         3582    i.USART_DeInit      stm32f10x_usart.o
    0x0800af78   0x0800af78   0x00000054   Code   RO         3584    i.USART_GetITStatus  stm32f10x_usart.o
    0x0800afcc   0x0800afcc   0x0000004a   Code   RO         3586    i.USART_ITConfig    stm32f10x_usart.o
    0x0800b016   0x0800b016   0x00000002   PAD
    0x0800b018   0x0800b018   0x000000d8   Code   RO         3587    i.USART_Init        stm32f10x_usart.o
    0x0800b0f0   0x0800b0f0   0x0000000a   Code   RO         3594    i.USART_ReceiveData  stm32f10x_usart.o
    0x0800b0fa   0x0800b0fa   0x00000004   Code   RO          294    i.UsageFault_Handler  stm32f10x_it.o
    0x0800b0fe   0x0800b0fe   0x00000002   PAD
    0x0800b100   0x0800b100   0x00000058   Code   RO         1381    i.W25QXX_Erase_Sector  w25qxx.o
    0x0800b158   0x0800b158   0x00000020   Code   RO         1382    i.W25QXX_Init       w25qxx.o
    0x0800b178   0x0800b178   0x00000054   Code   RO         1384    i.W25QXX_Read       w25qxx.o
    0x0800b1cc   0x0800b1cc   0x00000048   Code   RO         1385    i.W25QXX_ReadID     w25qxx.o
    0x0800b214   0x0800b214   0x0000002c   Code   RO         1386    i.W25QXX_ReadSR     w25qxx.o
    0x0800b240   0x0800b240   0x00000012   Code   RO         1388    i.W25QXX_Wait_Busy  w25qxx.o
    0x0800b252   0x0800b252   0x00000002   PAD
    0x0800b254   0x0800b254   0x000000b8   Code   RO         1389    i.W25QXX_Write      w25qxx.o
    0x0800b30c   0x0800b30c   0x00000020   Code   RO         1391    i.W25QXX_Write_Enable  w25qxx.o
    0x0800b32c   0x0800b32c   0x00000046   Code   RO         1392    i.W25QXX_Write_NoCheck  w25qxx.o
    0x0800b372   0x0800b372   0x00000002   PAD
    0x0800b374   0x0800b374   0x0000005c   Code   RO         1393    i.W25QXX_Write_Page  w25qxx.o
    0x0800b3d0   0x0800b3d0   0x0000000e   Code   RO         5338    i._is_digit         c_w.l(__printf_wp.o)
    0x0800b3de   0x0800b3de   0x00000006   Code   RO          571    i._sys_exit         usart.o
    0x0800b3e4   0x0800b3e4   0x0000035c   Code   RO         1944    i.admin_key_input   admin.o
    0x0800b740   0x0800b740   0x00000090   Code   RO         4745    i.check_fs          ff.o
    0x0800b7d0   0x0800b7d0   0x00000014   Code   RO         4746    i.chk_chr           ff.o
    0x0800b7e4   0x0800b7e4   0x0000031c   Code   RO         1945    i.choose_data       admin.o
    0x0800bb00   0x0800bb00   0x000003ec   Code   RO         1946    i.choose_depart     admin.o
    0x0800beec   0x0800beec   0x00000032   Code   RO         4747    i.clmt_clust        ff.o
    0x0800bf1e   0x0800bf1e   0x0000001a   Code   RO         4748    i.clust2sect        ff.o
    0x0800bf38   0x0800bf38   0x00000090   Code   RO         4749    i.cmp_lfn           ff.o
    0x0800bfc8   0x0800bfc8   0x00000012   Code   RO          951    i.convert_from_bytes_to_power_of_two  sdio_sdcard.o
    0x0800bfda   0x0800bfda   0x000000d6   Code   RO         4750    i.create_chain      ff.o
    0x0800c0b0   0x0800c0b0   0x00000270   Code   RO         4751    i.create_name       ff.o
    0x0800c320   0x0800c320   0x0000026c   Code   RO         1948    i.data_choose       admin.o
    0x0800c58c   0x0800c58c   0x00000044   Code   RO          484    i.delay_init        delay.o
    0x0800c5d0   0x0800c5d0   0x0000004c   Code   RO          485    i.delay_ms          delay.o
    0x0800c61c   0x0800c61c   0x0000004c   Code   RO          486    i.delay_us          delay.o
    0x0800c668   0x0800c668   0x000001c0   Code   RO         1949    i.depart_choose     admin.o
    0x0800c828   0x0800c828   0x0000005c   Code   RO         4752    i.dir_alloc         ff.o
    0x0800c884   0x0800c884   0x000000ea   Code   RO         4753    i.dir_find          ff.o
    0x0800c96e   0x0800c96e   0x0000010e   Code   RO         4754    i.dir_next          ff.o
    0x0800ca7c   0x0800ca7c   0x000000c6   Code   RO         4755    i.dir_read          ff.o
    0x0800cb42   0x0800cb42   0x0000012a   Code   RO         4756    i.dir_register      ff.o
    0x0800cc6c   0x0800cc6c   0x0000006a   Code   RO         4757    i.dir_remove        ff.o
    0x0800ccd6   0x0800ccd6   0x0000009e   Code   RO         4758    i.dir_sdi           ff.o
    0x0800cd74   0x0800cd74   0x00000038   Code   RO         5086    i.disk_initialize   diskio.o
    0x0800cdac   0x0800cdac   0x000000b4   Code   RO         5087    i.disk_ioctl        diskio.o
    0x0800ce60   0x0800ce60   0x0000007a   Code   RO         5088    i.disk_read         diskio.o
    0x0800ceda   0x0800ceda   0x00000006   Code   RO         5089    i.disk_status       diskio.o
    0x0800cee0   0x0800cee0   0x0000007a   Code   RO         5090    i.disk_write        diskio.o
    0x0800cf5a   0x0800cf5a   0x00000002   PAD
    0x0800cf5c   0x0800cf5c   0x00000084   Code   RO         5145    i.exfuns_init       exfuns.o
    0x0800cfe0   0x0800cfe0   0x00000020   Code   RO         4760    i.f_close           ff.o
    0x0800d000   0x0800d000   0x00000102   Code   RO         4762    i.f_getfree         ff.o
    0x0800d102   0x0800d102   0x00000052   Code   RO         4764    i.f_gets            ff.o
    0x0800d154   0x0800d154   0x000002ac   Code   RO         4765    i.f_lseek           ff.o
    0x0800d400   0x0800d400   0x0000017c   Code   RO         4766    i.f_mkdir           ff.o
    0x0800d57c   0x0800d57c   0x00000648   Code   RO         4767    i.f_mkfs            ff.o
    0x0800dbc4   0x0800dbc4   0x0000005c   Code   RO         4768    i.f_mount           ff.o
    0x0800dc20   0x0800dc20   0x00000180   Code   RO         4769    i.f_open            ff.o
    0x0800dda0   0x0800dda0   0x00000088   Code   RO         4770    i.f_opendir         ff.o
    0x0800de28   0x0800de28   0x00000040   Code   RO         4772    i.f_putc            ff.o
    0x0800de68   0x0800de68   0x0000004a   Code   RO         4773    i.f_puts            ff.o
    0x0800deb2   0x0800deb2   0x000001b0   Code   RO         4774    i.f_read            ff.o
    0x0800e062   0x0800e062   0x00000072   Code   RO         4775    i.f_readdir         ff.o
    0x0800e0d4   0x0800e0d4   0x00000122   Code   RO         4776    i.f_rename          ff.o
    0x0800e1f6   0x0800e1f6   0x000000b0   Code   RO         4779    i.f_sync            ff.o
    0x0800e2a6   0x0800e2a6   0x000000be   Code   RO         4781    i.f_unlink          ff.o
    0x0800e364   0x0800e364   0x000001ea   Code   RO         4783    i.f_write           ff.o
    0x0800e54e   0x0800e54e   0x00000002   PAD
    0x0800e550   0x0800e550   0x0000007c   Code   RO         5182    i.ff_convert        cc936.o
    0x0800e5cc   0x0800e5cc   0x0000000e   Code   RO         5091    i.ff_memalloc       diskio.o
    0x0800e5da   0x0800e5da   0x0000000e   Code   RO         5092    i.ff_memfree        diskio.o
    0x0800e5e8   0x0800e5e8   0x00000038   Code   RO         5183    i.ff_wtoupper       cc936.o
    0x0800e620   0x0800e620   0x00000394   Code   RO         4784    i.find_volume       ff.o
    0x0800e9b4   0x0800e9b4   0x00000064   Code   RO         1950    i.finworktime_set   admin.o
    0x0800ea18   0x0800ea18   0x00000080   Code   RO         4785    i.fit_lfn           ff.o
    0x0800ea98   0x0800ea98   0x00000090   Code   RO         4786    i.follow_path       ff.o
    0x0800eb28   0x0800eb28   0x00000044   Code   RO         5211    i.font_init         fontupd.o
    0x0800eb6c   0x0800eb6c   0x0000001c   Code   RO          572    i.fputc             usart.o
    0x0800eb88   0x0800eb88   0x00000090   Code   RO         5212    i.fupd_prog         fontupd.o
    0x0800ec18   0x0800ec18   0x000000cc   Code   RO         4787    i.gen_numname       ff.o
    0x0800ece4   0x0800ece4   0x000000f2   Code   RO         4788    i.get_fat           ff.o
    0x0800edd6   0x0800edd6   0x00000004   Code   RO         5093    i.get_fattime       diskio.o
    0x0800edda   0x0800edda   0x00000110   Code   RO         4789    i.get_fileinfo      ff.o
    0x0800eeea   0x0800eeea   0x0000004a   Code   RO         4790    i.get_ldnumber      ff.o
    0x0800ef34   0x0800ef34   0x0000037c   Code   RO            6    i.jiemian           main.o
    0x0800f2b0   0x0800f2b0   0x000000f8   Code   RO            7    i.kaiji_xianshi     main.o
    0x0800f3a8   0x0800f3a8   0x00000400   Code   RO            8    i.key_input         main.o
    0x0800f7a8   0x0800f7a8   0x000001d8   Code   RO            9    i.keyboard          main.o
    0x0800f980   0x0800f980   0x00000200   Code   RO         1951    i.keyboard_2        admin.o
    0x0800fb80   0x0800fb80   0x00000020   Code   RO         4791    i.ld_clust          ff.o
    0x0800fba0   0x0800fba0   0x00000298   Code   RO           10    i.main              main.o
    0x0800fe38   0x0800fe38   0x00000026   Code   RO         4792    i.mem_cmp           ff.o
    0x0800fe5e   0x0800fe5e   0x0000001a   Code   RO         4793    i.mem_cpy           ff.o
    0x0800fe78   0x0800fe78   0x00000014   Code   RO         4794    i.mem_set           ff.o
    0x0800fe8c   0x0800fe8c   0x00000014   Code   RO         4593    i.mf_close          fattester.o
    0x0800fea0   0x0800fea0   0x00000014   Code   RO         4595    i.mf_fmkfs          fattester.o
    0x0800feb4   0x0800feb4   0x0000004c   Code   RO         4597    i.mf_gets           fattester.o
    0x0800ff00   0x0800ff00   0x00000014   Code   RO         4598    i.mf_lseek          fattester.o
    0x0800ff14   0x0800ff14   0x0000000c   Code   RO         4599    i.mf_mkdir          fattester.o
    0x0800ff20   0x0800ff20   0x00000018   Code   RO         4600    i.mf_mount          fattester.o
    0x0800ff38   0x0800ff38   0x0000001c   Code   RO         4601    i.mf_open           fattester.o
    0x0800ff54   0x0800ff54   0x00000014   Code   RO         4602    i.mf_opendir        fattester.o
    0x0800ff68   0x0800ff68   0x00000018   Code   RO         4603    i.mf_putc           fattester.o
    0x0800ff80   0x0800ff80   0x00000018   Code   RO         4604    i.mf_puts           fattester.o
    0x0800ff98   0x0800ff98   0x00000158   Code   RO         4605    i.mf_read           fattester.o
    0x080100f0   0x080100f0   0x00000194   Code   RO         4606    i.mf_readdir        fattester.o
    0x08010284   0x08010284   0x00000010   Code   RO         4607    i.mf_rename         fattester.o
    0x08010294   0x08010294   0x00000090   Code   RO         4608    i.mf_scan_files     fattester.o
    0x08010324   0x08010324   0x000000a8   Code   RO         4610    i.mf_showfree       fattester.o
    0x080103cc   0x080103cc   0x0000000c   Code   RO         4611    i.mf_size           fattester.o
    0x080103d8   0x080103d8   0x0000000c   Code   RO         4612    i.mf_tell           fattester.o
    0x080103e4   0x080103e4   0x0000000c   Code   RO         4613    i.mf_unlink         fattester.o
    0x080103f0   0x080103f0   0x000000b8   Code   RO         4614    i.mf_write          fattester.o
    0x080104a8   0x080104a8   0x00000034   Code   RO         4795    i.move_window       ff.o
    0x080104dc   0x080104dc   0x0000006c   Code   RO         4158    i.my_mem_free       malloc.o
    0x08010548   0x08010548   0x00000044   Code   RO         4159    i.my_mem_init       malloc.o
    0x0801058c   0x0801058c   0x000000a8   Code   RO         4160    i.my_mem_malloc     malloc.o
    0x08010634   0x08010634   0x00000040   Code   RO         4161    i.my_mem_perused    malloc.o
    0x08010674   0x08010674   0x00000024   Code   RO         4162    i.myfree            malloc.o
    0x08010698   0x08010698   0x00000028   Code   RO         4163    i.mymalloc          malloc.o
    0x080106c0   0x080106c0   0x00000014   Code   RO         4165    i.mymemset          malloc.o
    0x080106d4   0x080106d4   0x0000000e   Code   RO          723    i.opt_delay         lcd.o
    0x080106e2   0x080106e2   0x00000002   PAD
    0x080106e4   0x080106e4   0x000000f4   Code   RO         1953    i.password_set      admin.o
    0x080107d8   0x080107d8   0x00000074   Code   RO         4796    i.pick_lfn          ff.o
    0x0801084c   0x0801084c   0x00000240   Code   RO           11    i.press_FR          main.o
    0x08010a8c   0x08010a8c   0x00000142   Code   RO         4797    i.put_fat           ff.o
    0x08010bce   0x08010bce   0x00000044   Code   RO         4798    i.putc_bfd          ff.o
    0x08010c12   0x08010c12   0x00000006   Code   RO         4230    i.read_addr         usmart.o
    0x08010c18   0x08010c18   0x0000006c   Code   RO         4799    i.remove_chain      ff.o
    0x08010c84   0x08010c84   0x00000208   Code   RO         1954    i.show_duty_student  admin.o
    0x08010e8c   0x08010e8c   0x0000004c   Code   RO         5417    i.sqrt              m_ws.l(sqrt.o)
    0x08010ed8   0x08010ed8   0x00000010   Code   RO         4800    i.st_clust          ff.o
    0x08010ee8   0x08010ee8   0x00000020   Code   RO         4801    i.sum_sfn           ff.o
    0x08010f08   0x08010f08   0x000000c8   Code   RO         4802    i.sync_fs           ff.o
    0x08010fd0   0x08010fd0   0x00000052   Code   RO         4803    i.sync_window       ff.o
    0x08011022   0x08011022   0x00000002   PAD
    0x08011024   0x08011024   0x000000dc   Code   RO         1955    i.timeset_input     admin.o
    0x08011100   0x08011100   0x000000a0   Code   RO          573    i.uart_init         usart.o
    0x080111a0   0x080111a0   0x00000164   Code   RO         5213    i.updata_fontx      fontupd.o
    0x08011304   0x08011304   0x00000394   Code   RO         5214    i.update_font       fontupd.o
    0x08011698   0x08011698   0x000000d0   Code   RO         1488    i.usart2_init       usart2.o
    0x08011768   0x08011768   0x000000d0   Code   RO         1340    i.usart3_init       usart3.o
    0x08011838   0x08011838   0x000000b0   Code   RO         4231    i.usmart_cmd_rec    usmart.o
    0x080118e8   0x080118e8   0x000002d4   Code   RO         4232    i.usmart_exe        usmart.o
    0x08011bbc   0x08011bbc   0x000000c8   Code   RO         4348    i.usmart_get_aparm  usmart_str.o
    0x08011c84   0x08011c84   0x00000036   Code   RO         4349    i.usmart_get_cmdname  usmart_str.o
    0x08011cba   0x08011cba   0x00000002   PAD
    0x08011cbc   0x08011cbc   0x000001c0   Code   RO         4350    i.usmart_get_fname  usmart_str.o
    0x08011e7c   0x08011e7c   0x0000010c   Code   RO         4351    i.usmart_get_fparam  usmart_str.o
    0x08011f88   0x08011f88   0x00000020   Code   RO         4352    i.usmart_get_parmpos  usmart_str.o
    0x08011fa8   0x08011fa8   0x00000044   Code   RO         4233    i.usmart_get_runtime  usmart.o
    0x08011fec   0x08011fec   0x00000028   Code   RO         4234    i.usmart_init       usmart.o
    0x08012014   0x08012014   0x00000016   Code   RO         4353    i.usmart_pow        usmart_str.o
    0x0801202a   0x0801202a   0x00000002   PAD
    0x0801202c   0x0801202c   0x00000030   Code   RO         4235    i.usmart_reset_runtime  usmart.o
    0x0801205c   0x0801205c   0x000000bc   Code   RO         4236    i.usmart_scan       usmart.o
    0x08012118   0x08012118   0x00000016   Code   RO         4354    i.usmart_search_nextc  usmart_str.o
    0x0801212e   0x0801212e   0x000000ca   Code   RO         4355    i.usmart_str2num    usmart_str.o
    0x080121f8   0x080121f8   0x00000022   Code   RO         4356    i.usmart_strcmp     usmart_str.o
    0x0801221a   0x0801221a   0x00000016   Code   RO         4357    i.usmart_strcopy    usmart_str.o
    0x08012230   0x08012230   0x00000018   Code   RO         4358    i.usmart_strlen     usmart_str.o
    0x08012248   0x08012248   0x000006e4   Code   RO         4237    i.usmart_sys_cmd_exe  usmart.o
    0x0801292c   0x0801292c   0x00000036   Code   RO         4804    i.validate          ff.o
    0x08012962   0x08012962   0x00000002   PAD
    0x08012964   0x08012964   0x00000064   Code   RO         1956    i.worktime_set      admin.o
    0x080129c8   0x080129c8   0x00000004   Code   RO         4238    i.write_addr        usmart.o
    0x080129cc   0x080129cc   0x00000098   Code   RO         1957    i.write_to_file     admin.o
    0x08012a64   0x08012a64   0x000000a4   Code   RO         1958    i.zhuanhua          admin.o
    0x08012b08   0x08012b08   0x00000018   Code   RO         5476    x$fpl$dcmpinf       fz_ws.l(dcmpi.o)
    0x08012b20   0x08012b20   0x0000005a   Code   RO         5370    x$fpl$dfixu         fz_ws.l(dfixu.o)
    0x08012b7a   0x08012b7a   0x00000026   Code   RO         5374    x$fpl$dfltu         fz_ws.l(dflt_clz.o)
    0x08012ba0   0x08012ba0   0x00000078   Code   RO         5380    x$fpl$dleqf         fz_ws.l(dleqf.o)
    0x08012c18   0x08012c18   0x00000154   Code   RO         5382    x$fpl$dmul          fz_ws.l(dmul.o)
    0x08012d6c   0x08012d6c   0x0000009c   Code   RO         5478    x$fpl$dnaninf       fz_ws.l(dnaninf.o)
    0x08012e08   0x08012e08   0x0000000c   Code   RO         5480    x$fpl$dretinf       fz_ws.l(dretinf.o)
    0x08012e14   0x08012e14   0x0000006c   Code   RO         5384    x$fpl$drleqf        fz_ws.l(drleqf.o)
    0x08012e80   0x08012e80   0x000001cc   Code   RO         5482    x$fpl$dsqrt         fz_ws.l(dsqrt_noumaal.o)
    0x0801304c   0x0801304c   0x00000056   Code   RO         5386    x$fpl$f2d           fz_ws.l(f2d.o)
    0x080130a2   0x080130a2   0x00000002   PAD
    0x080130a4   0x080130a4   0x000000c4   Code   RO         5388    x$fpl$fadd          fz_ws.l(faddsub_clz.o)
    0x08013168   0x08013168   0x00000018   Code   RO         5484    x$fpl$fcmpinf       fz_ws.l(fcmpi.o)
    0x08013180   0x08013180   0x00000184   Code   RO         5395    x$fpl$fdiv          fz_ws.l(fdiv.o)
    0x08013304   0x08013304   0x00000068   Code   RO         5398    x$fpl$feqf          fz_ws.l(feqf.o)
    0x0801336c   0x0801336c   0x00000036   Code   RO         5400    x$fpl$ffix          fz_ws.l(ffix.o)
    0x080133a2   0x080133a2   0x00000002   PAD
    0x080133a4   0x080133a4   0x0000003e   Code   RO         5404    x$fpl$ffixu         fz_ws.l(ffixu.o)
    0x080133e2   0x080133e2   0x00000002   PAD
    0x080133e4   0x080133e4   0x00000030   Code   RO         5409    x$fpl$fflt          fz_ws.l(fflt_clz.o)
    0x08013414   0x08013414   0x00000026   Code   RO         5408    x$fpl$ffltu         fz_ws.l(fflt_clz.o)
    0x0801343a   0x0801343a   0x00000002   PAD
    0x0801343c   0x0801343c   0x00000102   Code   RO         5414    x$fpl$fmul          fz_ws.l(fmul.o)
    0x0801353e   0x0801353e   0x0000008c   Code   RO         5486    x$fpl$fnaninf       fz_ws.l(fnaninf.o)
    0x080135ca   0x080135ca   0x0000000a   Code   RO         5488    x$fpl$fretinf       fz_ws.l(fretinf.o)
    0x080135d4   0x080135d4   0x000000ea   Code   RO         5390    x$fpl$fsub          fz_ws.l(faddsub_clz.o)
    0x080136be   0x080136be   0x00000000   Code   RO         5492    x$fpl$usenofp       fz_ws.l(usenofp.o)
    0x080136be   0x080136be   0x000017c0   Data   RO          725    .constdata          lcd.o
    0x08014e7e   0x08014e7e   0x00000018   Data   RO         1714    .constdata          rtc.o
    0x08014e96   0x08014e96   0x00000002   PAD
    0x08014e98   0x08014e98   0x00000018   Data   RO         4170    .constdata          malloc.o
    0x08014eb0   0x08014eb0   0x0000003a   Data   RO         4805    .constdata          ff.o
    0x08014eea   0x08014eea   0x0002acc8   Data   RO         5184    .constdata          cc936.o
    0x0803fbb2   0x0803fbb2   0x00000002   PAD
    0x0803fbb4   0x0803fbb4   0x00000010   Data   RO         5216    .constdata          fontupd.o
    0x0803fbc4   0x0803fbc4   0x00000028   Data   RO         5326    .constdata          c_w.l(_printf_hex_int_ll_ptr.o)
    0x0803fbec   0x0803fbec   0x00000011   Data   RO         5346    .constdata          c_w.l(__printf_flags_ss_wp.o)
    0x0803fbfd   0x0803fbfd   0x00000003   PAD
    0x0803fc00   0x0803fc00   0x0000003e   Data   RO           13    .conststring        main.o
    0x0803fc3e   0x0803fc3e   0x00000002   PAD
    0x0803fc40   0x0803fc40   0x0000001a   Data   RO         1252    .conststring        touch.o
    0x0803fc5a   0x0803fc5a   0x00000002   PAD
    0x0803fc5c   0x0803fc5c   0x00000028   Data   RO         4239    .conststring        usmart.o
    0x0803fc84   0x0803fc84   0x0000040f   Data   RO         4311    .conststring        usmart_config.o
    0x08040093   0x08040093   0x00000001   PAD
    0x08040094   0x08040094   0x0000005f   Data   RO         5217    .conststring        fontupd.o
    0x080400f3   0x080400f3   0x00000001   PAD
    0x080400f4   0x080400f4   0x00000020   Data   RO         5714    Region$$Table       anon$$obj.o


    Execution Region RW_IRAM1 (Exec base: 0x20000000, Load base: 0x08040114, Size: 0x0000f7a8, Max: 0x00010000, ABSOLUTE, COMPRESSED[0x000001a8])

    Exec Addr    Load Addr    Size         Type   Attr      Idx    E Section Name        Object

    0x20000000   COMPRESSED   0x0000006d   Data   RW           14    .data               main.o
    0x2000006d   COMPRESSED   0x00000003   PAD
    0x20000070   COMPRESSED   0x00000014   Data   RW          436    .data               system_stm32f10x.o
    0x20000084   COMPRESSED   0x00000004   Data   RW          487    .data               delay.o
    0x20000088   COMPRESSED   0x00000006   Data   RW          575    .data               usart.o
    0x2000008e   COMPRESSED   0x00000001   Data   RW          673    .data               key.o
    0x2000008f   COMPRESSED   0x00000001   PAD
    0x20000090   COMPRESSED   0x00000004   Data   RW          726    .data               lcd.o
    0x20000094   COMPRESSED   0x00000010   Data   RW          953    .data               sdio_sdcard.o
    0x200000a4   COMPRESSED   0x00000001   Data   RW         1128    .data               timer.o
    0x200000a5   COMPRESSED   0x00000003   PAD
    0x200000a8   COMPRESSED   0x00000030   Data   RW         1253    .data               touch.o
    0x200000d8   COMPRESSED   0x00000002   Data   RW         1342    .data               usart3.o
    0x200000da   COMPRESSED   0x00000002   Data   RW         1396    .data               w25qxx.o
    0x200000dc   COMPRESSED   0x00000002   Data   RW         1490    .data               usart2.o
    0x200000de   COMPRESSED   0x00000002   PAD
    0x200000e0   COMPRESSED   0x00000004   Data   RW         1543    .data               as608.o
    0x200000e4   COMPRESSED   0x00000002   Data   RW         1715    .data               rtc.o
    0x200000e6   COMPRESSED   0x00000002   PAD
    0x200000e8   COMPRESSED   0x00000064   Data   RW         1961    .data               admin.o
    0x2000014c   COMPRESSED   0x00000014   Data   RW         2530    .data               stm32f10x_rcc.o
    0x20000160   COMPRESSED   0x0000001c   Data   RW         4171    .data               malloc.o
    0x2000017c   COMPRESSED   0x0000001c   Data   RW         4240    .data               usmart.o
    0x20000198   COMPRESSED   0x000001fc   Data   RW         4312    .data               usmart_config.o
    0x20000394   COMPRESSED   0x0000000a   Data   RW         4806    .data               ff.o
    0x2000039e   COMPRESSED   0x00000002   Data   RW         5094    .data               diskio.o
    0x200003a0   COMPRESSED   0x0000001c   Data   RW         5150    .data               exfuns.o
    0x200003bc        -       0x00000350   Zero   RW           12    .bss                main.o
    0x2000070c        -       0x000000c8   Zero   RW          574    .bss                usart.o
    0x200007d4        -       0x0000000e   Zero   RW          724    .bss                lcd.o
    0x200007e2   COMPRESSED   0x00000006   PAD
    0x200007e8        -       0x000002c0   Zero   RW          952    .bss                sdio_sdcard.o
    0x20000aa8        -       0x000004b0   Zero   RW         1341    .bss                usart3.o
    0x20000f58        -       0x00001000   Zero   RW         1395    .bss                w25qxx.o
    0x20001f58        -       0x00000320   Zero   RW         1489    .bss                usart2.o
    0x20002278        -       0x0000000a   Zero   RW         1713    .bss                rtc.o
    0x20002282   COMPRESSED   0x00000002   PAD
    0x20002284        -       0x00001c4c   Zero   RW         1959    .bss                admin.o
    0x20003ed0        -       0x00000800   Zero   RW         2065    .bss                stmflash.o
    0x200046d0   COMPRESSED   0x00000010   PAD
    0x200046e0        -       0x0000aa00   Zero   RW         4169    .bss                malloc.o
    0x2000f0e0        -       0x00000044   Zero   RW         5147    .bss                exfuns.o
    0x2000f124        -       0x00000021   Zero   RW         5215    .bss                fontupd.o
    0x2000f145   COMPRESSED   0x00000003   PAD
    0x2000f148        -       0x00000060   Zero   RW         5532    .bss                c_w.l(libspace.o)
    0x2000f1a8        -       0x00000200   Zero   RW          478    HEAP                startup_stm32f10x_hd.o
    0x2000f3a8        -       0x00000400   Zero   RW          477    STACK               startup_stm32f10x_hd.o



  Load Region LR$$.ARM.__AT_0x68000000 (Base: 0x68000000, Size: 0x00000000, Max: 0x000f0000, ABSOLUTE)

    Execution Region ER$$.ARM.__AT_0x68000000 (Exec base: 0x68000000, Load base: 0x68000000, Size: 0x000f0000, Max: 0x000f0000, ABSOLUTE, UNINIT)

    Exec Addr    Load Addr    Size         Type   Attr      Idx    E Section Name        Object

    0x68000000        -       0x000f0000   Zero   RW         4167    .ARM.__AT_0x68000000  malloc.o



  Load Region LR$$.ARM.__AT_0x680F0000 (Base: 0x680f0000, Size: 0x00000000, Max: 0x0000f000, ABSOLUTE)

    Execution Region ER$$.ARM.__AT_0x680F0000 (Exec base: 0x680f0000, Load base: 0x680f0000, Size: 0x0000f000, Max: 0x0000f000, ABSOLUTE, UNINIT)

    Exec Addr    Load Addr    Size         Type   Attr      Idx    E Section Name        Object

    0x680f0000        -       0x0000f000   Zero   RW         4168    .ARM.__AT_0x680F0000  malloc.o


==============================================================================

Image component sizes


      Code (inc. data)   RO Data    RW Data    ZI Data      Debug   Object Name

       262          0          0          0          0       3129   24cxx.o
      6204        618          0        100       7244      13595   admin.o
      2116        660          0          4          0      13838   as608.o
        56          6          0          0          0        516   beep.o
       180         18     175304          0          0       2643   cc936.o
         0          0          0          0          0         32   core_cm3.o
       220         26          0          4          0     206639   delay.o
       518         14          0          2          0       6036   diskio.o
       132         18          0         28         68       1646   exfuns.o
      1564        622          0          0          0      14224   fattester.o
     11210        140         58         10          0      48494   ff.o
      1484        156        111          0         33       5354   fontupd.o
       612         34          0          0          0       3516   ioiic.o
       228          8          0          0          0       1215   iospi.o
       260         20          0          1          0       1222   key.o
        68          4          0          0          0        528   key1.o
     18264        206       6080          4         14      28984   lcd.o
        76          8          0          0          0        523   led.o
      5580        798         62        109        848     243498   main.o
       504         60         24         28    1088000       6289   malloc.o
       172         22          0          0          0       2145   misc.o
       748         56         24          2         10       4916   rtc.o
      7246        394          0         16        704      33762   sdio_sdcard.o
        64         26        304          0       1536        804   startup_stm32f10x_hd.o
        72         10          0          0          0       2772   stm32f10x_bkp.o
       416          8          0          0          0       3510   stm32f10x_dma.o
       274         30          0          0          0       3558   stm32f10x_flash.o
       282          6          0          0          0       1881   stm32f10x_fsmc.o
       304          0          0          0          0       3768   stm32f10x_gpio.o
        26          0          0          0          0      80962   stm32f10x_it.o
        12          6          0          0          0        534   stm32f10x_pwr.o
       524         76          0         20          0       9152   stm32f10x_rcc.o
       260         48          0          0          0       5380   stm32f10x_rtc.o
       304         72          0          0          0       8322   stm32f10x_sdio.o
       284         42          0          0          0       6556   stm32f10x_tim.o
       564         28          0          0          0       5757   stm32f10x_usart.o
       310         10          0          0       2048       3701   stmflash.o
         8          0          0          0          0        877   sys.o
       328         28          0         20          0       2197   system_stm32f10x.o
       730         20          0          0          0       4198   text.o
      1236        220          0          1          0       4058   timer.o
      3920        260         26         48          0      10481   touch.o
       330         26          0          6        200       4280   usart.o
       320         40          0          2        800       2190   usart2.o
       324         38          0          2       1200       2190   usart3.o
      3166       1330         40         28          0       7858   usmart.o
         0          0       1039        508          0       2252   usmart_config.o
      1328         20          0          0          0       8737   usmart_str.o
       716         48          0          2       4096       7145   w25qxx.o

    ----------------------------------------------------------------------
     73862       6280     183114        956    1106828     835864   Object Totals
         0          0         32          0          0          0   (incl. Generated)
        56          0         10         11         27          0   (incl. Padding)

    ----------------------------------------------------------------------

      Code (inc. data)   RO Data    RW Data    ZI Data      Debug   Library Member Name

        24          4          0          0          0         84   __2printf.o
        90          0          0          0          0          0   __dczerorl2.o
         8          0          0          0          0         68   __main.o
       392          4         17          0          0         92   __printf_flags_ss_wp.o
        14          0          0          0          0         68   __printf_wp.o
         0          0          0          0          0          0   __rtentry.o
        12          0          0          0          0          0   __rtentry2.o
         6          0          0          0          0          0   __rtentry4.o
        52          8          0          0          0          0   __scatter.o
        28          0          0          0          0          0   __scatter_zi.o
         6          0          0          0          0          0   _printf_c.o
        44          0          0          0          0        108   _printf_char.o
        48          6          0          0          0         96   _printf_char_common.o
        36          4          0          0          0         80   _printf_char_file.o
         6          0          0          0          0          0   _printf_d.o
       120         16          0          0          0         92   _printf_dec.o
       148          4         40          0          0        160   _printf_hex_int_ll_ptr.o
       178          0          0          0          0         88   _printf_intcommon.o
        78          0          0          0          0        108   _printf_pad.o
         0          0          0          0          0          0   _printf_percent.o
         4          0          0          0          0          0   _printf_percent_end.o
         6          0          0          0          0          0   _printf_s.o
        82          0          0          0          0         80   _printf_str.o
         6          0          0          0          0          0   _printf_u.o
         6          0          0          0          0          0   _printf_x.o
        22          0          0          0          0        100   _rserrno.o
        18          0          0          0          0         80   exit.o
         8          0          0          0          0         68   ferror.o
         6          0          0          0          0        152   heapauxi.o
         2          0          0          0          0          0   libinit.o
         2          0          0          0          0          0   libinit2.o
         2          0          0          0          0          0   libshutdown.o
         2          0          0          0          0          0   libshutdown2.o
         8          4          0          0         96         68   libspace.o
        72          0          0          0          0         76   llsdiv.o
       238          0          0          0          0        100   lludivv7m.o
         8          4          0          0          0         68   rt_errno_addr_intlibspace.o
       138          0          0          0          0         68   rt_memcpy_v6.o
       100          0          0          0          0         80   rt_memcpy_w.o
         2          0          0          0          0          0   rtexit.o
        10          0          0          0          0          0   rtexit2.o
        24          0          0          0          0         68   strcat.o
        72          0          0          0          0         80   strcpy.o
        62          0          0          0          0         76   strlen.o
        36          0          0          0          0         80   strstr.o
        74          0          0          0          0         80   sys_stackheap_outer.o
         2          0          0          0          0         68   use_no_semi.o
         2          0          0          0          0         68   use_no_semi_2.o
        24          0          0          0          0         68   dcmpi.o
        90          4          0          0          0         92   dfixu.o
        38          0          0          0          0         68   dflt_clz.o
       120          4          0          0          0         92   dleqf.o
       340         12          0          0          0        104   dmul.o
       156          4          0          0          0         92   dnaninf.o
        12          0          0          0          0         68   dretinf.o
       108          0          0          0          0         80   drleqf.o
       460         56          0          0          0        120   dsqrt_noumaal.o
        86          4          0          0          0         84   f2d.o
       430          8          0          0          0        168   faddsub_clz.o
        24          0          0          0          0         68   fcmpi.o
       388         76          0          0          0         96   fdiv.o
       104          4          0          0          0         84   feqf.o
        54          4          0          0          0         84   ffix.o
        62          4          0          0          0         84   ffixu.o
        86          0          0          0          0        136   fflt_clz.o
       258          4          0          0          0         84   fmul.o
       140          4          0          0          0         84   fnaninf.o
        10          0          0          0          0         68   fretinf.o
         0          0          0          0          0          0   usenofp.o
        76          0          0          0          0         84   sqrt.o

    ----------------------------------------------------------------------
      5384        242         60          0         96       4412   Library Totals
        14          0          3          0          0          0   (incl. Padding)

    ----------------------------------------------------------------------

      Code (inc. data)   RO Data    RW Data    ZI Data      Debug   Library Name

      2304         54         57          0         96       2504   c_w.l
      2990        188          0          0          0       1824   fz_ws.l
        76          0          0          0          0         84   m_ws.l

    ----------------------------------------------------------------------
      5384        242         60          0         96       4412   Library Totals

    ----------------------------------------------------------------------

==============================================================================


      Code (inc. data)   RO Data    RW Data    ZI Data      Debug   

     79246       6522     183174        956    1106924     818900   Grand Totals
     79246       6522     183174        424    1106924     818900   ELF Image Totals (compressed)
     79246       6522     183174        424          0          0   ROM Totals

==============================================================================

    Total RO  Size (Code + RO Data)               262420 ( 256.27kB)
    Total RW  Size (RW Data + ZI Data)           1107880 (1081.91kB)
    Total ROM Size (Code + RO Data + RW Data)     262844 ( 256.68kB)

==============================================================================

